{"op_code":0,"worker_id":"848bec02-88ca-4c25-bf0d-f2a2468c1fa9-8061816832","study_name":"iTransformer_1","directions":[1]}
{"op_code":4,"worker_id":"848bec02-88ca-4c25-bf0d-f2a2468c1fa9-8061816832","study_id":0,"datetime_start":"2024-12-05T04:16:03.208227"}
{"op_code":5,"worker_id":"848bec02-88ca-4c25-bf0d-f2a2468c1fa9-8061816832","trial_id":0,"param_name":"learning_rate","param_value_internal":2.5983353935347368e-05,"distribution":"{\"name\": \"FloatDistribution\", \"attributes\": {\"step\": null, \"low\": 1e-05, \"high\": 0.1, \"log\": true}}"}
{"op_code":5,"worker_id":"848bec02-88ca-4c25-bf0d-f2a2468c1fa9-8061816832","trial_id":0,"param_name":"train_epochs","param_value_internal":24.0,"distribution":"{\"name\": \"IntDistribution\", \"attributes\": {\"log\": false, \"step\": 1, \"low\": 10, \"high\": 30}}"}
{"op_code":5,"worker_id":"848bec02-88ca-4c25-bf0d-f2a2468c1fa9-8061816832","trial_id":0,"param_name":"dropout","param_value_internal":0.2795502135751376,"distribution":"{\"name\": \"FloatDistribution\", \"attributes\": {\"step\": null, \"low\": 0.0, \"high\": 0.5, \"log\": false}}"}
{"op_code":5,"worker_id":"848bec02-88ca-4c25-bf0d-f2a2468c1fa9-8061816832","trial_id":0,"param_name":"n_head","param_value_internal":0,"distribution":"{\"name\": \"CategoricalDistribution\", \"attributes\": {\"choices\": [2, 4, 8]}}"}
{"op_code":5,"worker_id":"848bec02-88ca-4c25-bf0d-f2a2468c1fa9-8061816832","trial_id":0,"param_name":"d_model","param_value_internal":25,"distribution":"{\"name\": \"CategoricalDistribution\", \"attributes\": {\"choices\": [8, 16, 24, 32, 40, 48, 56, 64, 72, 80, 88, 96, 104, 112, 120, 128, 136, 144, 152, 160, 168, 176, 184, 192, 200, 208, 216, 224, 232, 240, 248, 256, 264, 272, 280, 288, 296, 304, 312, 320, 328, 336, 344, 352, 360, 368, 376, 384, 392, 400, 408, 416, 424, 432, 440, 448, 456, 464, 472, 480, 488, 496, 504, 512]}}"}
{"op_code":5,"worker_id":"848bec02-88ca-4c25-bf0d-f2a2468c1fa9-8061816832","trial_id":0,"param_name":"num_encoder_layers","param_value_internal":4.0,"distribution":"{\"name\": \"IntDistribution\", \"attributes\": {\"log\": false, \"step\": 1, \"low\": 1, \"high\": 5}}"}
{"op_code":5,"worker_id":"848bec02-88ca-4c25-bf0d-f2a2468c1fa9-8061816832","trial_id":0,"param_name":"dim_feedforward","param_value_internal":760.0,"distribution":"{\"name\": \"IntDistribution\", \"attributes\": {\"log\": false, \"step\": 1, \"low\": 64, \"high\": 1024}}"}
{"op_code":6,"worker_id":"848bec02-88ca-4c25-bf0d-f2a2468c1fa9-8061816832","trial_id":0,"state":1,"values":[0.04483240830119361],"datetime_complete":"2024-12-05T04:18:03.950725"}
{"op_code":0,"worker_id":"28579a27-8e58-4460-b53b-3d6cf3a11a7e-8061816832","study_name":"iTransformer_1","directions":[1]}
{"op_code":0,"worker_id":"ea760a9a-956e-402c-9d55-6c44b1102532-8061816832","study_name":"iTransformer_1","directions":[1]}
{"op_code":4,"worker_id":"ea760a9a-956e-402c-9d55-6c44b1102532-8061816832","study_id":0,"datetime_start":"2024-12-05T04:19:55.980221"}
{"op_code":5,"worker_id":"ea760a9a-956e-402c-9d55-6c44b1102532-8061816832","trial_id":1,"param_name":"learning_rate","param_value_internal":0.004938680115217592,"distribution":"{\"name\": \"FloatDistribution\", \"attributes\": {\"step\": null, \"low\": 1e-05, \"high\": 0.1, \"log\": true}}"}
{"op_code":5,"worker_id":"ea760a9a-956e-402c-9d55-6c44b1102532-8061816832","trial_id":1,"param_name":"train_epochs","param_value_internal":24.0,"distribution":"{\"name\": \"IntDistribution\", \"attributes\": {\"log\": false, \"step\": 1, \"low\": 10, \"high\": 30}}"}
{"op_code":5,"worker_id":"ea760a9a-956e-402c-9d55-6c44b1102532-8061816832","trial_id":1,"param_name":"dropout","param_value_internal":0.22460116288610066,"distribution":"{\"name\": \"FloatDistribution\", \"attributes\": {\"step\": null, \"low\": 0.0, \"high\": 0.5, \"log\": false}}"}
{"op_code":5,"worker_id":"ea760a9a-956e-402c-9d55-6c44b1102532-8061816832","trial_id":1,"param_name":"n_head","param_value_internal":0,"distribution":"{\"name\": \"CategoricalDistribution\", \"attributes\": {\"choices\": [2, 4, 8]}}"}
{"op_code":5,"worker_id":"ea760a9a-956e-402c-9d55-6c44b1102532-8061816832","trial_id":1,"param_name":"d_model","param_value_internal":47,"distribution":"{\"name\": \"CategoricalDistribution\", \"attributes\": {\"choices\": [8, 16, 24, 32, 40, 48, 56, 64, 72, 80, 88, 96, 104, 112, 120, 128, 136, 144, 152, 160, 168, 176, 184, 192, 200, 208, 216, 224, 232, 240, 248, 256, 264, 272, 280, 288, 296, 304, 312, 320, 328, 336, 344, 352, 360, 368, 376, 384, 392, 400, 408, 416, 424, 432, 440, 448, 456, 464, 472, 480, 488, 496, 504, 512]}}"}
{"op_code":5,"worker_id":"ea760a9a-956e-402c-9d55-6c44b1102532-8061816832","trial_id":1,"param_name":"num_encoder_layers","param_value_internal":2.0,"distribution":"{\"name\": \"IntDistribution\", \"attributes\": {\"log\": false, \"step\": 1, \"low\": 1, \"high\": 5}}"}
{"op_code":5,"worker_id":"ea760a9a-956e-402c-9d55-6c44b1102532-8061816832","trial_id":1,"param_name":"dim_feedforward","param_value_internal":112.0,"distribution":"{\"name\": \"IntDistribution\", \"attributes\": {\"log\": false, \"step\": 1, \"low\": 64, \"high\": 1024}}"}
{"op_code":6,"worker_id":"ea760a9a-956e-402c-9d55-6c44b1102532-8061816832","trial_id":1,"state":1,"values":[0.01491693560753695],"datetime_complete":"2024-12-05T04:21:03.279371"}
{"op_code":4,"worker_id":"ea760a9a-956e-402c-9d55-6c44b1102532-8061816832","study_id":0,"datetime_start":"2024-12-05T04:21:03.281822"}
{"op_code":5,"worker_id":"ea760a9a-956e-402c-9d55-6c44b1102532-8061816832","trial_id":2,"param_name":"learning_rate","param_value_internal":0.00026405334755582536,"distribution":"{\"name\": \"FloatDistribution\", \"attributes\": {\"step\": null, \"low\": 1e-05, \"high\": 0.1, \"log\": true}}"}
{"op_code":5,"worker_id":"ea760a9a-956e-402c-9d55-6c44b1102532-8061816832","trial_id":2,"param_name":"train_epochs","param_value_internal":26.0,"distribution":"{\"name\": \"IntDistribution\", \"attributes\": {\"log\": false, \"step\": 1, \"low\": 10, \"high\": 30}}"}
{"op_code":5,"worker_id":"ea760a9a-956e-402c-9d55-6c44b1102532-8061816832","trial_id":2,"param_name":"dropout","param_value_internal":0.3766233664734763,"distribution":"{\"name\": \"FloatDistribution\", \"attributes\": {\"step\": null, \"low\": 0.0, \"high\": 0.5, \"log\": false}}"}
{"op_code":5,"worker_id":"ea760a9a-956e-402c-9d55-6c44b1102532-8061816832","trial_id":2,"param_name":"n_head","param_value_internal":1,"distribution":"{\"name\": \"CategoricalDistribution\", \"attributes\": {\"choices\": [2, 4, 8]}}"}
{"op_code":5,"worker_id":"ea760a9a-956e-402c-9d55-6c44b1102532-8061816832","trial_id":2,"param_name":"d_model","param_value_internal":38,"distribution":"{\"name\": \"CategoricalDistribution\", \"attributes\": {\"choices\": [8, 16, 24, 32, 40, 48, 56, 64, 72, 80, 88, 96, 104, 112, 120, 128, 136, 144, 152, 160, 168, 176, 184, 192, 200, 208, 216, 224, 232, 240, 248, 256, 264, 272, 280, 288, 296, 304, 312, 320, 328, 336, 344, 352, 360, 368, 376, 384, 392, 400, 408, 416, 424, 432, 440, 448, 456, 464, 472, 480, 488, 496, 504, 512]}}"}
{"op_code":5,"worker_id":"ea760a9a-956e-402c-9d55-6c44b1102532-8061816832","trial_id":2,"param_name":"num_encoder_layers","param_value_internal":2.0,"distribution":"{\"name\": \"IntDistribution\", \"attributes\": {\"log\": false, \"step\": 1, \"low\": 1, \"high\": 5}}"}
{"op_code":5,"worker_id":"ea760a9a-956e-402c-9d55-6c44b1102532-8061816832","trial_id":2,"param_name":"dim_feedforward","param_value_internal":889.0,"distribution":"{\"name\": \"IntDistribution\", \"attributes\": {\"log\": false, \"step\": 1, \"low\": 64, \"high\": 1024}}"}
{"op_code":6,"worker_id":"ea760a9a-956e-402c-9d55-6c44b1102532-8061816832","trial_id":2,"state":1,"values":[0.009553734197238968],"datetime_complete":"2024-12-05T04:22:13.265564"}
{"op_code":4,"worker_id":"ea760a9a-956e-402c-9d55-6c44b1102532-8061816832","study_id":0,"datetime_start":"2024-12-05T04:22:13.267181"}
{"op_code":5,"worker_id":"ea760a9a-956e-402c-9d55-6c44b1102532-8061816832","trial_id":3,"param_name":"learning_rate","param_value_internal":0.005970490545693122,"distribution":"{\"name\": \"FloatDistribution\", \"attributes\": {\"step\": null, \"low\": 1e-05, \"high\": 0.1, \"log\": true}}"}
{"op_code":5,"worker_id":"ea760a9a-956e-402c-9d55-6c44b1102532-8061816832","trial_id":3,"param_name":"train_epochs","param_value_internal":28.0,"distribution":"{\"name\": \"IntDistribution\", \"attributes\": {\"log\": false, \"step\": 1, \"low\": 10, \"high\": 30}}"}
{"op_code":5,"worker_id":"ea760a9a-956e-402c-9d55-6c44b1102532-8061816832","trial_id":3,"param_name":"dropout","param_value_internal":0.28055868734195205,"distribution":"{\"name\": \"FloatDistribution\", \"attributes\": {\"step\": null, \"low\": 0.0, \"high\": 0.5, \"log\": false}}"}
{"op_code":5,"worker_id":"ea760a9a-956e-402c-9d55-6c44b1102532-8061816832","trial_id":3,"param_name":"n_head","param_value_internal":0,"distribution":"{\"name\": \"CategoricalDistribution\", \"attributes\": {\"choices\": [2, 4, 8]}}"}
{"op_code":5,"worker_id":"ea760a9a-956e-402c-9d55-6c44b1102532-8061816832","trial_id":3,"param_name":"d_model","param_value_internal":49,"distribution":"{\"name\": \"CategoricalDistribution\", \"attributes\": {\"choices\": [8, 16, 24, 32, 40, 48, 56, 64, 72, 80, 88, 96, 104, 112, 120, 128, 136, 144, 152, 160, 168, 176, 184, 192, 200, 208, 216, 224, 232, 240, 248, 256, 264, 272, 280, 288, 296, 304, 312, 320, 328, 336, 344, 352, 360, 368, 376, 384, 392, 400, 408, 416, 424, 432, 440, 448, 456, 464, 472, 480, 488, 496, 504, 512]}}"}
{"op_code":5,"worker_id":"ea760a9a-956e-402c-9d55-6c44b1102532-8061816832","trial_id":3,"param_name":"num_encoder_layers","param_value_internal":2.0,"distribution":"{\"name\": \"IntDistribution\", \"attributes\": {\"log\": false, \"step\": 1, \"low\": 1, \"high\": 5}}"}
{"op_code":5,"worker_id":"ea760a9a-956e-402c-9d55-6c44b1102532-8061816832","trial_id":3,"param_name":"dim_feedforward","param_value_internal":366.0,"distribution":"{\"name\": \"IntDistribution\", \"attributes\": {\"log\": false, \"step\": 1, \"low\": 64, \"high\": 1024}}"}
{"op_code":6,"worker_id":"ea760a9a-956e-402c-9d55-6c44b1102532-8061816832","trial_id":3,"state":1,"values":[0.018585610383359544],"datetime_complete":"2024-12-05T04:23:29.579251"}
{"op_code":4,"worker_id":"ea760a9a-956e-402c-9d55-6c44b1102532-8061816832","study_id":0,"datetime_start":"2024-12-05T04:23:29.580255"}
{"op_code":5,"worker_id":"ea760a9a-956e-402c-9d55-6c44b1102532-8061816832","trial_id":4,"param_name":"learning_rate","param_value_internal":0.0004437729531824721,"distribution":"{\"name\": \"FloatDistribution\", \"attributes\": {\"step\": null, \"low\": 1e-05, \"high\": 0.1, \"log\": true}}"}
{"op_code":5,"worker_id":"ea760a9a-956e-402c-9d55-6c44b1102532-8061816832","trial_id":4,"param_name":"train_epochs","param_value_internal":26.0,"distribution":"{\"name\": \"IntDistribution\", \"attributes\": {\"log\": false, \"step\": 1, \"low\": 10, \"high\": 30}}"}
{"op_code":5,"worker_id":"ea760a9a-956e-402c-9d55-6c44b1102532-8061816832","trial_id":4,"param_name":"dropout","param_value_internal":0.05536221164905586,"distribution":"{\"name\": \"FloatDistribution\", \"attributes\": {\"step\": null, \"low\": 0.0, \"high\": 0.5, \"log\": false}}"}
{"op_code":5,"worker_id":"ea760a9a-956e-402c-9d55-6c44b1102532-8061816832","trial_id":4,"param_name":"n_head","param_value_internal":0,"distribution":"{\"name\": \"CategoricalDistribution\", \"attributes\": {\"choices\": [2, 4, 8]}}"}
{"op_code":5,"worker_id":"ea760a9a-956e-402c-9d55-6c44b1102532-8061816832","trial_id":4,"param_name":"d_model","param_value_internal":39,"distribution":"{\"name\": \"CategoricalDistribution\", \"attributes\": {\"choices\": [8, 16, 24, 32, 40, 48, 56, 64, 72, 80, 88, 96, 104, 112, 120, 128, 136, 144, 152, 160, 168, 176, 184, 192, 200, 208, 216, 224, 232, 240, 248, 256, 264, 272, 280, 288, 296, 304, 312, 320, 328, 336, 344, 352, 360, 368, 376, 384, 392, 400, 408, 416, 424, 432, 440, 448, 456, 464, 472, 480, 488, 496, 504, 512]}}"}
{"op_code":5,"worker_id":"ea760a9a-956e-402c-9d55-6c44b1102532-8061816832","trial_id":4,"param_name":"num_encoder_layers","param_value_internal":4.0,"distribution":"{\"name\": \"IntDistribution\", \"attributes\": {\"log\": false, \"step\": 1, \"low\": 1, \"high\": 5}}"}
{"op_code":5,"worker_id":"ea760a9a-956e-402c-9d55-6c44b1102532-8061816832","trial_id":4,"param_name":"dim_feedforward","param_value_internal":268.0,"distribution":"{\"name\": \"IntDistribution\", \"attributes\": {\"log\": false, \"step\": 1, \"low\": 64, \"high\": 1024}}"}
{"op_code":6,"worker_id":"ea760a9a-956e-402c-9d55-6c44b1102532-8061816832","trial_id":4,"state":1,"values":[0.022614060096781363],"datetime_complete":"2024-12-05T04:25:36.873295"}
{"op_code":4,"worker_id":"ea760a9a-956e-402c-9d55-6c44b1102532-8061816832","study_id":0,"datetime_start":"2024-12-05T04:25:36.874384"}
{"op_code":5,"worker_id":"ea760a9a-956e-402c-9d55-6c44b1102532-8061816832","trial_id":5,"param_name":"learning_rate","param_value_internal":0.0008179686600648867,"distribution":"{\"name\": \"FloatDistribution\", \"attributes\": {\"step\": null, \"low\": 1e-05, \"high\": 0.1, \"log\": true}}"}
{"op_code":5,"worker_id":"ea760a9a-956e-402c-9d55-6c44b1102532-8061816832","trial_id":5,"param_name":"train_epochs","param_value_internal":25.0,"distribution":"{\"name\": \"IntDistribution\", \"attributes\": {\"log\": false, \"step\": 1, \"low\": 10, \"high\": 30}}"}
{"op_code":5,"worker_id":"ea760a9a-956e-402c-9d55-6c44b1102532-8061816832","trial_id":5,"param_name":"dropout","param_value_internal":0.11162173886922377,"distribution":"{\"name\": \"FloatDistribution\", \"attributes\": {\"step\": null, \"low\": 0.0, \"high\": 0.5, \"log\": false}}"}
{"op_code":5,"worker_id":"ea760a9a-956e-402c-9d55-6c44b1102532-8061816832","trial_id":5,"param_name":"n_head","param_value_internal":1,"distribution":"{\"name\": \"CategoricalDistribution\", \"attributes\": {\"choices\": [2, 4, 8]}}"}
{"op_code":5,"worker_id":"ea760a9a-956e-402c-9d55-6c44b1102532-8061816832","trial_id":5,"param_name":"d_model","param_value_internal":22,"distribution":"{\"name\": \"CategoricalDistribution\", \"attributes\": {\"choices\": [8, 16, 24, 32, 40, 48, 56, 64, 72, 80, 88, 96, 104, 112, 120, 128, 136, 144, 152, 160, 168, 176, 184, 192, 200, 208, 216, 224, 232, 240, 248, 256, 264, 272, 280, 288, 296, 304, 312, 320, 328, 336, 344, 352, 360, 368, 376, 384, 392, 400, 408, 416, 424, 432, 440, 448, 456, 464, 472, 480, 488, 496, 504, 512]}}"}
{"op_code":5,"worker_id":"ea760a9a-956e-402c-9d55-6c44b1102532-8061816832","trial_id":5,"param_name":"num_encoder_layers","param_value_internal":3.0,"distribution":"{\"name\": \"IntDistribution\", \"attributes\": {\"log\": false, \"step\": 1, \"low\": 1, \"high\": 5}}"}
{"op_code":5,"worker_id":"ea760a9a-956e-402c-9d55-6c44b1102532-8061816832","trial_id":5,"param_name":"dim_feedforward","param_value_internal":555.0,"distribution":"{\"name\": \"IntDistribution\", \"attributes\": {\"log\": false, \"step\": 1, \"low\": 64, \"high\": 1024}}"}
{"op_code":6,"worker_id":"ea760a9a-956e-402c-9d55-6c44b1102532-8061816832","trial_id":5,"state":1,"values":[0.013195417941350377],"datetime_complete":"2024-12-05T04:27:16.053815"}
{"op_code":4,"worker_id":"ea760a9a-956e-402c-9d55-6c44b1102532-8061816832","study_id":0,"datetime_start":"2024-12-05T04:27:16.058109"}
{"op_code":5,"worker_id":"ea760a9a-956e-402c-9d55-6c44b1102532-8061816832","trial_id":6,"param_name":"learning_rate","param_value_internal":0.0016043902524782944,"distribution":"{\"name\": \"FloatDistribution\", \"attributes\": {\"step\": null, \"low\": 1e-05, \"high\": 0.1, \"log\": true}}"}
{"op_code":5,"worker_id":"ea760a9a-956e-402c-9d55-6c44b1102532-8061816832","trial_id":6,"param_name":"train_epochs","param_value_internal":28.0,"distribution":"{\"name\": \"IntDistribution\", \"attributes\": {\"log\": false, \"step\": 1, \"low\": 10, \"high\": 30}}"}
{"op_code":5,"worker_id":"ea760a9a-956e-402c-9d55-6c44b1102532-8061816832","trial_id":6,"param_name":"dropout","param_value_internal":0.0560524113141046,"distribution":"{\"name\": \"FloatDistribution\", \"attributes\": {\"step\": null, \"low\": 0.0, \"high\": 0.5, \"log\": false}}"}
{"op_code":5,"worker_id":"ea760a9a-956e-402c-9d55-6c44b1102532-8061816832","trial_id":6,"param_name":"n_head","param_value_internal":1,"distribution":"{\"name\": \"CategoricalDistribution\", \"attributes\": {\"choices\": [2, 4, 8]}}"}
{"op_code":5,"worker_id":"ea760a9a-956e-402c-9d55-6c44b1102532-8061816832","trial_id":6,"param_name":"d_model","param_value_internal":8,"distribution":"{\"name\": \"CategoricalDistribution\", \"attributes\": {\"choices\": [8, 16, 24, 32, 40, 48, 56, 64, 72, 80, 88, 96, 104, 112, 120, 128, 136, 144, 152, 160, 168, 176, 184, 192, 200, 208, 216, 224, 232, 240, 248, 256, 264, 272, 280, 288, 296, 304, 312, 320, 328, 336, 344, 352, 360, 368, 376, 384, 392, 400, 408, 416, 424, 432, 440, 448, 456, 464, 472, 480, 488, 496, 504, 512]}}"}
{"op_code":5,"worker_id":"ea760a9a-956e-402c-9d55-6c44b1102532-8061816832","trial_id":6,"param_name":"num_encoder_layers","param_value_internal":1.0,"distribution":"{\"name\": \"IntDistribution\", \"attributes\": {\"log\": false, \"step\": 1, \"low\": 1, \"high\": 5}}"}
{"op_code":5,"worker_id":"ea760a9a-956e-402c-9d55-6c44b1102532-8061816832","trial_id":6,"param_name":"dim_feedforward","param_value_internal":658.0,"distribution":"{\"name\": \"IntDistribution\", \"attributes\": {\"log\": false, \"step\": 1, \"low\": 64, \"high\": 1024}}"}
{"op_code":6,"worker_id":"ea760a9a-956e-402c-9d55-6c44b1102532-8061816832","trial_id":6,"state":1,"values":[0.014335349696039251],"datetime_complete":"2024-12-05T04:28:02.173961"}
{"op_code":4,"worker_id":"ea760a9a-956e-402c-9d55-6c44b1102532-8061816832","study_id":0,"datetime_start":"2024-12-05T04:28:02.174976"}
{"op_code":5,"worker_id":"ea760a9a-956e-402c-9d55-6c44b1102532-8061816832","trial_id":7,"param_name":"learning_rate","param_value_internal":0.0010082721118087837,"distribution":"{\"name\": \"FloatDistribution\", \"attributes\": {\"step\": null, \"low\": 1e-05, \"high\": 0.1, \"log\": true}}"}
{"op_code":5,"worker_id":"ea760a9a-956e-402c-9d55-6c44b1102532-8061816832","trial_id":7,"param_name":"train_epochs","param_value_internal":24.0,"distribution":"{\"name\": \"IntDistribution\", \"attributes\": {\"log\": false, \"step\": 1, \"low\": 10, \"high\": 30}}"}
{"op_code":5,"worker_id":"ea760a9a-956e-402c-9d55-6c44b1102532-8061816832","trial_id":7,"param_name":"dropout","param_value_internal":0.20619181692593036,"distribution":"{\"name\": \"FloatDistribution\", \"attributes\": {\"step\": null, \"low\": 0.0, \"high\": 0.5, \"log\": false}}"}
{"op_code":5,"worker_id":"ea760a9a-956e-402c-9d55-6c44b1102532-8061816832","trial_id":7,"param_name":"n_head","param_value_internal":0,"distribution":"{\"name\": \"CategoricalDistribution\", \"attributes\": {\"choices\": [2, 4, 8]}}"}
{"op_code":5,"worker_id":"ea760a9a-956e-402c-9d55-6c44b1102532-8061816832","trial_id":7,"param_name":"d_model","param_value_internal":61,"distribution":"{\"name\": \"CategoricalDistribution\", \"attributes\": {\"choices\": [8, 16, 24, 32, 40, 48, 56, 64, 72, 80, 88, 96, 104, 112, 120, 128, 136, 144, 152, 160, 168, 176, 184, 192, 200, 208, 216, 224, 232, 240, 248, 256, 264, 272, 280, 288, 296, 304, 312, 320, 328, 336, 344, 352, 360, 368, 376, 384, 392, 400, 408, 416, 424, 432, 440, 448, 456, 464, 472, 480, 488, 496, 504, 512]}}"}
{"op_code":5,"worker_id":"ea760a9a-956e-402c-9d55-6c44b1102532-8061816832","trial_id":7,"param_name":"num_encoder_layers","param_value_internal":2.0,"distribution":"{\"name\": \"IntDistribution\", \"attributes\": {\"log\": false, \"step\": 1, \"low\": 1, \"high\": 5}}"}
{"op_code":5,"worker_id":"ea760a9a-956e-402c-9d55-6c44b1102532-8061816832","trial_id":7,"param_name":"dim_feedforward","param_value_internal":966.0,"distribution":"{\"name\": \"IntDistribution\", \"attributes\": {\"log\": false, \"step\": 1, \"low\": 64, \"high\": 1024}}"}
{"op_code":6,"worker_id":"ea760a9a-956e-402c-9d55-6c44b1102532-8061816832","trial_id":7,"state":1,"values":[0.01519617187141469],"datetime_complete":"2024-12-05T04:29:11.074126"}
{"op_code":4,"worker_id":"ea760a9a-956e-402c-9d55-6c44b1102532-8061816832","study_id":0,"datetime_start":"2024-12-05T04:29:11.074967"}
{"op_code":5,"worker_id":"ea760a9a-956e-402c-9d55-6c44b1102532-8061816832","trial_id":8,"param_name":"learning_rate","param_value_internal":0.0004498053051421002,"distribution":"{\"name\": \"FloatDistribution\", \"attributes\": {\"step\": null, \"low\": 1e-05, \"high\": 0.1, \"log\": true}}"}
{"op_code":5,"worker_id":"ea760a9a-956e-402c-9d55-6c44b1102532-8061816832","trial_id":8,"param_name":"train_epochs","param_value_internal":14.0,"distribution":"{\"name\": \"IntDistribution\", \"attributes\": {\"log\": false, \"step\": 1, \"low\": 10, \"high\": 30}}"}
{"op_code":5,"worker_id":"ea760a9a-956e-402c-9d55-6c44b1102532-8061816832","trial_id":8,"param_name":"dropout","param_value_internal":0.30553913104613795,"distribution":"{\"name\": \"FloatDistribution\", \"attributes\": {\"step\": null, \"low\": 0.0, \"high\": 0.5, \"log\": false}}"}
{"op_code":5,"worker_id":"ea760a9a-956e-402c-9d55-6c44b1102532-8061816832","trial_id":8,"param_name":"n_head","param_value_internal":2,"distribution":"{\"name\": \"CategoricalDistribution\", \"attributes\": {\"choices\": [2, 4, 8]}}"}
{"op_code":5,"worker_id":"ea760a9a-956e-402c-9d55-6c44b1102532-8061816832","trial_id":8,"param_name":"d_model","param_value_internal":33,"distribution":"{\"name\": \"CategoricalDistribution\", \"attributes\": {\"choices\": [8, 16, 24, 32, 40, 48, 56, 64, 72, 80, 88, 96, 104, 112, 120, 128, 136, 144, 152, 160, 168, 176, 184, 192, 200, 208, 216, 224, 232, 240, 248, 256, 264, 272, 280, 288, 296, 304, 312, 320, 328, 336, 344, 352, 360, 368, 376, 384, 392, 400, 408, 416, 424, 432, 440, 448, 456, 464, 472, 480, 488, 496, 504, 512]}}"}
{"op_code":5,"worker_id":"ea760a9a-956e-402c-9d55-6c44b1102532-8061816832","trial_id":8,"param_name":"num_encoder_layers","param_value_internal":2.0,"distribution":"{\"name\": \"IntDistribution\", \"attributes\": {\"log\": false, \"step\": 1, \"low\": 1, \"high\": 5}}"}
{"op_code":5,"worker_id":"ea760a9a-956e-402c-9d55-6c44b1102532-8061816832","trial_id":8,"param_name":"dim_feedforward","param_value_internal":950.0,"distribution":"{\"name\": \"IntDistribution\", \"attributes\": {\"log\": false, \"step\": 1, \"low\": 64, \"high\": 1024}}"}
{"op_code":6,"worker_id":"ea760a9a-956e-402c-9d55-6c44b1102532-8061816832","trial_id":8,"state":1,"values":[0.013971316476465401],"datetime_complete":"2024-12-05T04:29:50.564858"}
{"op_code":4,"worker_id":"ea760a9a-956e-402c-9d55-6c44b1102532-8061816832","study_id":0,"datetime_start":"2024-12-05T04:29:50.565821"}
{"op_code":5,"worker_id":"ea760a9a-956e-402c-9d55-6c44b1102532-8061816832","trial_id":9,"param_name":"learning_rate","param_value_internal":0.019137488676408722,"distribution":"{\"name\": \"FloatDistribution\", \"attributes\": {\"step\": null, \"low\": 1e-05, \"high\": 0.1, \"log\": true}}"}
{"op_code":5,"worker_id":"ea760a9a-956e-402c-9d55-6c44b1102532-8061816832","trial_id":9,"param_name":"train_epochs","param_value_internal":29.0,"distribution":"{\"name\": \"IntDistribution\", \"attributes\": {\"log\": false, \"step\": 1, \"low\": 10, \"high\": 30}}"}
{"op_code":5,"worker_id":"ea760a9a-956e-402c-9d55-6c44b1102532-8061816832","trial_id":9,"param_name":"dropout","param_value_internal":0.3852158342919689,"distribution":"{\"name\": \"FloatDistribution\", \"attributes\": {\"step\": null, \"low\": 0.0, \"high\": 0.5, \"log\": false}}"}
{"op_code":5,"worker_id":"ea760a9a-956e-402c-9d55-6c44b1102532-8061816832","trial_id":9,"param_name":"n_head","param_value_internal":1,"distribution":"{\"name\": \"CategoricalDistribution\", \"attributes\": {\"choices\": [2, 4, 8]}}"}
{"op_code":5,"worker_id":"ea760a9a-956e-402c-9d55-6c44b1102532-8061816832","trial_id":9,"param_name":"d_model","param_value_internal":17,"distribution":"{\"name\": \"CategoricalDistribution\", \"attributes\": {\"choices\": [8, 16, 24, 32, 40, 48, 56, 64, 72, 80, 88, 96, 104, 112, 120, 128, 136, 144, 152, 160, 168, 176, 184, 192, 200, 208, 216, 224, 232, 240, 248, 256, 264, 272, 280, 288, 296, 304, 312, 320, 328, 336, 344, 352, 360, 368, 376, 384, 392, 400, 408, 416, 424, 432, 440, 448, 456, 464, 472, 480, 488, 496, 504, 512]}}"}
{"op_code":5,"worker_id":"ea760a9a-956e-402c-9d55-6c44b1102532-8061816832","trial_id":9,"param_name":"num_encoder_layers","param_value_internal":3.0,"distribution":"{\"name\": \"IntDistribution\", \"attributes\": {\"log\": false, \"step\": 1, \"low\": 1, \"high\": 5}}"}
{"op_code":5,"worker_id":"ea760a9a-956e-402c-9d55-6c44b1102532-8061816832","trial_id":9,"param_name":"dim_feedforward","param_value_internal":904.0,"distribution":"{\"name\": \"IntDistribution\", \"attributes\": {\"log\": false, \"step\": 1, \"low\": 64, \"high\": 1024}}"}
{"op_code":0,"worker_id":"1a7523b0-1301-444a-8fb2-bd40e8ab2c3d-8061816832","study_name":"iTransformer_1","directions":[1]}
{"op_code":4,"worker_id":"1a7523b0-1301-444a-8fb2-bd40e8ab2c3d-8061816832","study_id":0,"datetime_start":"2024-12-05T04:31:09.243172"}
{"op_code":5,"worker_id":"1a7523b0-1301-444a-8fb2-bd40e8ab2c3d-8061816832","trial_id":10,"param_name":"learning_rate","param_value_internal":2.9205257988284767e-05,"distribution":"{\"name\": \"FloatDistribution\", \"attributes\": {\"step\": null, \"low\": 1e-05, \"high\": 0.1, \"log\": true}}"}
{"op_code":5,"worker_id":"1a7523b0-1301-444a-8fb2-bd40e8ab2c3d-8061816832","trial_id":10,"param_name":"train_epochs","param_value_internal":28.0,"distribution":"{\"name\": \"IntDistribution\", \"attributes\": {\"log\": false, \"step\": 1, \"low\": 10, \"high\": 30}}"}
{"op_code":5,"worker_id":"1a7523b0-1301-444a-8fb2-bd40e8ab2c3d-8061816832","trial_id":10,"param_name":"dropout","param_value_internal":0.18243954974980486,"distribution":"{\"name\": \"FloatDistribution\", \"attributes\": {\"step\": null, \"low\": 0.0, \"high\": 0.5, \"log\": false}}"}
{"op_code":5,"worker_id":"1a7523b0-1301-444a-8fb2-bd40e8ab2c3d-8061816832","trial_id":10,"param_name":"n_head","param_value_internal":2,"distribution":"{\"name\": \"CategoricalDistribution\", \"attributes\": {\"choices\": [2, 4, 8]}}"}
{"op_code":5,"worker_id":"1a7523b0-1301-444a-8fb2-bd40e8ab2c3d-8061816832","trial_id":10,"param_name":"d_model","param_value_internal":57,"distribution":"{\"name\": \"CategoricalDistribution\", \"attributes\": {\"choices\": [8, 16, 24, 32, 40, 48, 56, 64, 72, 80, 88, 96, 104, 112, 120, 128, 136, 144, 152, 160, 168, 176, 184, 192, 200, 208, 216, 224, 232, 240, 248, 256, 264, 272, 280, 288, 296, 304, 312, 320, 328, 336, 344, 352, 360, 368, 376, 384, 392, 400, 408, 416, 424, 432, 440, 448, 456, 464, 472, 480, 488, 496, 504, 512]}}"}
{"op_code":5,"worker_id":"1a7523b0-1301-444a-8fb2-bd40e8ab2c3d-8061816832","trial_id":10,"param_name":"num_encoder_layers","param_value_internal":1.0,"distribution":"{\"name\": \"IntDistribution\", \"attributes\": {\"log\": false, \"step\": 1, \"low\": 1, \"high\": 5}}"}
{"op_code":5,"worker_id":"1a7523b0-1301-444a-8fb2-bd40e8ab2c3d-8061816832","trial_id":10,"param_name":"dim_feedforward","param_value_internal":475.0,"distribution":"{\"name\": \"IntDistribution\", \"attributes\": {\"log\": false, \"step\": 1, \"low\": 64, \"high\": 1024}}"}
{"op_code":6,"worker_id":"ea760a9a-956e-402c-9d55-6c44b1102532-8061816832","trial_id":9,"state":1,"values":[0.008211677636471435],"datetime_complete":"2024-12-05T04:31:48.312747"}
{"op_code":4,"worker_id":"ea760a9a-956e-402c-9d55-6c44b1102532-8061816832","study_id":0,"datetime_start":"2024-12-05T04:31:48.313928"}
{"op_code":5,"worker_id":"ea760a9a-956e-402c-9d55-6c44b1102532-8061816832","trial_id":11,"param_name":"learning_rate","param_value_internal":0.09160139050969371,"distribution":"{\"name\": \"FloatDistribution\", \"attributes\": {\"step\": null, \"low\": 1e-05, \"high\": 0.1, \"log\": true}}"}
{"op_code":5,"worker_id":"ea760a9a-956e-402c-9d55-6c44b1102532-8061816832","trial_id":11,"param_name":"train_epochs","param_value_internal":18.0,"distribution":"{\"name\": \"IntDistribution\", \"attributes\": {\"log\": false, \"step\": 1, \"low\": 10, \"high\": 30}}"}
{"op_code":5,"worker_id":"ea760a9a-956e-402c-9d55-6c44b1102532-8061816832","trial_id":11,"param_name":"dropout","param_value_internal":0.4833937526912575,"distribution":"{\"name\": \"FloatDistribution\", \"attributes\": {\"step\": null, \"low\": 0.0, \"high\": 0.5, \"log\": false}}"}
{"op_code":5,"worker_id":"ea760a9a-956e-402c-9d55-6c44b1102532-8061816832","trial_id":11,"param_name":"n_head","param_value_internal":2,"distribution":"{\"name\": \"CategoricalDistribution\", \"attributes\": {\"choices\": [2, 4, 8]}}"}
{"op_code":5,"worker_id":"ea760a9a-956e-402c-9d55-6c44b1102532-8061816832","trial_id":11,"param_name":"d_model","param_value_internal":48,"distribution":"{\"name\": \"CategoricalDistribution\", \"attributes\": {\"choices\": [8, 16, 24, 32, 40, 48, 56, 64, 72, 80, 88, 96, 104, 112, 120, 128, 136, 144, 152, 160, 168, 176, 184, 192, 200, 208, 216, 224, 232, 240, 248, 256, 264, 272, 280, 288, 296, 304, 312, 320, 328, 336, 344, 352, 360, 368, 376, 384, 392, 400, 408, 416, 424, 432, 440, 448, 456, 464, 472, 480, 488, 496, 504, 512]}}"}
{"op_code":5,"worker_id":"ea760a9a-956e-402c-9d55-6c44b1102532-8061816832","trial_id":11,"param_name":"num_encoder_layers","param_value_internal":5.0,"distribution":"{\"name\": \"IntDistribution\", \"attributes\": {\"log\": false, \"step\": 1, \"low\": 1, \"high\": 5}}"}
{"op_code":5,"worker_id":"ea760a9a-956e-402c-9d55-6c44b1102532-8061816832","trial_id":11,"param_name":"dim_feedforward","param_value_internal":743.0,"distribution":"{\"name\": \"IntDistribution\", \"attributes\": {\"log\": false, \"step\": 1, \"low\": 64, \"high\": 1024}}"}
{"op_code":6,"worker_id":"1a7523b0-1301-444a-8fb2-bd40e8ab2c3d-8061816832","trial_id":10,"state":1,"values":[0.02734208737754009],"datetime_complete":"2024-12-05T04:31:59.796316"}
{"op_code":4,"worker_id":"1a7523b0-1301-444a-8fb2-bd40e8ab2c3d-8061816832","study_id":0,"datetime_start":"2024-12-05T04:31:59.797571"}
{"op_code":5,"worker_id":"1a7523b0-1301-444a-8fb2-bd40e8ab2c3d-8061816832","trial_id":12,"param_name":"learning_rate","param_value_internal":0.055968598603136556,"distribution":"{\"name\": \"FloatDistribution\", \"attributes\": {\"step\": null, \"low\": 1e-05, \"high\": 0.1, \"log\": true}}"}
{"op_code":5,"worker_id":"1a7523b0-1301-444a-8fb2-bd40e8ab2c3d-8061816832","trial_id":12,"param_name":"train_epochs","param_value_internal":18.0,"distribution":"{\"name\": \"IntDistribution\", \"attributes\": {\"log\": false, \"step\": 1, \"low\": 10, \"high\": 30}}"}
{"op_code":5,"worker_id":"1a7523b0-1301-444a-8fb2-bd40e8ab2c3d-8061816832","trial_id":12,"param_name":"dropout","param_value_internal":0.44990605983213366,"distribution":"{\"name\": \"FloatDistribution\", \"attributes\": {\"step\": null, \"low\": 0.0, \"high\": 0.5, \"log\": false}}"}
{"op_code":5,"worker_id":"1a7523b0-1301-444a-8fb2-bd40e8ab2c3d-8061816832","trial_id":12,"param_name":"n_head","param_value_internal":1,"distribution":"{\"name\": \"CategoricalDistribution\", \"attributes\": {\"choices\": [2, 4, 8]}}"}
{"op_code":5,"worker_id":"1a7523b0-1301-444a-8fb2-bd40e8ab2c3d-8061816832","trial_id":12,"param_name":"d_model","param_value_internal":17,"distribution":"{\"name\": \"CategoricalDistribution\", \"attributes\": {\"choices\": [8, 16, 24, 32, 40, 48, 56, 64, 72, 80, 88, 96, 104, 112, 120, 128, 136, 144, 152, 160, 168, 176, 184, 192, 200, 208, 216, 224, 232, 240, 248, 256, 264, 272, 280, 288, 296, 304, 312, 320, 328, 336, 344, 352, 360, 368, 376, 384, 392, 400, 408, 416, 424, 432, 440, 448, 456, 464, 472, 480, 488, 496, 504, 512]}}"}
{"op_code":5,"worker_id":"1a7523b0-1301-444a-8fb2-bd40e8ab2c3d-8061816832","trial_id":12,"param_name":"num_encoder_layers","param_value_internal":5.0,"distribution":"{\"name\": \"IntDistribution\", \"attributes\": {\"log\": false, \"step\": 1, \"low\": 1, \"high\": 5}}"}
{"op_code":5,"worker_id":"1a7523b0-1301-444a-8fb2-bd40e8ab2c3d-8061816832","trial_id":12,"param_name":"dim_feedforward","param_value_internal":831.0,"distribution":"{\"name\": \"IntDistribution\", \"attributes\": {\"log\": false, \"step\": 1, \"low\": 64, \"high\": 1024}}"}
