{"op_code":0,"worker_id":"98da074b-f233-48d0-9688-6de0736e3e19-8038699008","study_name":"LSTM_1","directions":[1]}
{"op_code":4,"worker_id":"98da074b-f233-48d0-9688-6de0736e3e19-8038699008","study_id":0,"datetime_start":"2024-10-16T11:44:01.920041"}
{"op_code":5,"worker_id":"98da074b-f233-48d0-9688-6de0736e3e19-8038699008","trial_id":0,"param_name":"train_epochs","param_value_internal":10.0,"distribution":"{\"name\": \"IntDistribution\", \"attributes\": {\"log\": false, \"step\": 1, \"low\": 10, \"high\": 30}}"}
{"op_code":5,"worker_id":"98da074b-f233-48d0-9688-6de0736e3e19-8038699008","trial_id":0,"param_name":"hidden_size","param_value_internal":41.0,"distribution":"{\"name\": \"IntDistribution\", \"attributes\": {\"log\": false, \"step\": 1, \"low\": 10, \"high\": 100}}"}
{"op_code":5,"worker_id":"98da074b-f233-48d0-9688-6de0736e3e19-8038699008","trial_id":0,"param_name":"dropout","param_value_internal":0.03828080660820002,"distribution":"{\"name\": \"FloatDistribution\", \"attributes\": {\"step\": null, \"low\": 0.0, \"high\": 0.8, \"log\": false}}"}
{"op_code":6,"worker_id":"98da074b-f233-48d0-9688-6de0736e3e19-8038699008","trial_id":0,"state":1,"values":[0.01428129546309136],"datetime_complete":"2024-10-16T11:44:28.533528"}
{"op_code":4,"worker_id":"98da074b-f233-48d0-9688-6de0736e3e19-8038699008","study_id":0,"datetime_start":"2024-10-16T11:44:28.534489"}
{"op_code":5,"worker_id":"98da074b-f233-48d0-9688-6de0736e3e19-8038699008","trial_id":1,"param_name":"train_epochs","param_value_internal":21.0,"distribution":"{\"name\": \"IntDistribution\", \"attributes\": {\"log\": false, \"step\": 1, \"low\": 10, \"high\": 30}}"}
{"op_code":5,"worker_id":"98da074b-f233-48d0-9688-6de0736e3e19-8038699008","trial_id":1,"param_name":"hidden_size","param_value_internal":35.0,"distribution":"{\"name\": \"IntDistribution\", \"attributes\": {\"log\": false, \"step\": 1, \"low\": 10, \"high\": 100}}"}
{"op_code":5,"worker_id":"98da074b-f233-48d0-9688-6de0736e3e19-8038699008","trial_id":1,"param_name":"dropout","param_value_internal":0.0519243407699384,"distribution":"{\"name\": \"FloatDistribution\", \"attributes\": {\"step\": null, \"low\": 0.0, \"high\": 0.8, \"log\": false}}"}
{"op_code":6,"worker_id":"98da074b-f233-48d0-9688-6de0736e3e19-8038699008","trial_id":1,"state":1,"values":[0.015338103469452417],"datetime_complete":"2024-10-16T11:50:00.368595"}
{"op_code":4,"worker_id":"98da074b-f233-48d0-9688-6de0736e3e19-8038699008","study_id":0,"datetime_start":"2024-10-16T11:50:00.369553"}
{"op_code":5,"worker_id":"98da074b-f233-48d0-9688-6de0736e3e19-8038699008","trial_id":2,"param_name":"train_epochs","param_value_internal":28.0,"distribution":"{\"name\": \"IntDistribution\", \"attributes\": {\"log\": false, \"step\": 1, \"low\": 10, \"high\": 30}}"}
{"op_code":5,"worker_id":"98da074b-f233-48d0-9688-6de0736e3e19-8038699008","trial_id":2,"param_name":"hidden_size","param_value_internal":82.0,"distribution":"{\"name\": \"IntDistribution\", \"attributes\": {\"log\": false, \"step\": 1, \"low\": 10, \"high\": 100}}"}
{"op_code":5,"worker_id":"98da074b-f233-48d0-9688-6de0736e3e19-8038699008","trial_id":2,"param_name":"dropout","param_value_internal":0.08698261593352852,"distribution":"{\"name\": \"FloatDistribution\", \"attributes\": {\"step\": null, \"low\": 0.0, \"high\": 0.8, \"log\": false}}"}
{"op_code":6,"worker_id":"98da074b-f233-48d0-9688-6de0736e3e19-8038699008","trial_id":2,"state":1,"values":[0.015095994870160829],"datetime_complete":"2024-10-16T11:51:16.933530"}
{"op_code":4,"worker_id":"98da074b-f233-48d0-9688-6de0736e3e19-8038699008","study_id":0,"datetime_start":"2024-10-16T11:51:16.934231"}
{"op_code":5,"worker_id":"98da074b-f233-48d0-9688-6de0736e3e19-8038699008","trial_id":3,"param_name":"train_epochs","param_value_internal":24.0,"distribution":"{\"name\": \"IntDistribution\", \"attributes\": {\"log\": false, \"step\": 1, \"low\": 10, \"high\": 30}}"}
{"op_code":5,"worker_id":"98da074b-f233-48d0-9688-6de0736e3e19-8038699008","trial_id":3,"param_name":"hidden_size","param_value_internal":31.0,"distribution":"{\"name\": \"IntDistribution\", \"attributes\": {\"log\": false, \"step\": 1, \"low\": 10, \"high\": 100}}"}
{"op_code":5,"worker_id":"98da074b-f233-48d0-9688-6de0736e3e19-8038699008","trial_id":3,"param_name":"dropout","param_value_internal":0.6864999098116864,"distribution":"{\"name\": \"FloatDistribution\", \"attributes\": {\"step\": null, \"low\": 0.0, \"high\": 0.8, \"log\": false}}"}
{"op_code":6,"worker_id":"98da074b-f233-48d0-9688-6de0736e3e19-8038699008","trial_id":3,"state":1,"values":[0.027045518147126545],"datetime_complete":"2024-10-16T11:52:21.840938"}
{"op_code":4,"worker_id":"98da074b-f233-48d0-9688-6de0736e3e19-8038699008","study_id":0,"datetime_start":"2024-10-16T11:52:21.841961"}
{"op_code":5,"worker_id":"98da074b-f233-48d0-9688-6de0736e3e19-8038699008","trial_id":4,"param_name":"train_epochs","param_value_internal":25.0,"distribution":"{\"name\": \"IntDistribution\", \"attributes\": {\"log\": false, \"step\": 1, \"low\": 10, \"high\": 30}}"}
{"op_code":5,"worker_id":"98da074b-f233-48d0-9688-6de0736e3e19-8038699008","trial_id":4,"param_name":"hidden_size","param_value_internal":95.0,"distribution":"{\"name\": \"IntDistribution\", \"attributes\": {\"log\": false, \"step\": 1, \"low\": 10, \"high\": 100}}"}
{"op_code":5,"worker_id":"98da074b-f233-48d0-9688-6de0736e3e19-8038699008","trial_id":4,"param_name":"dropout","param_value_internal":0.20529617725491747,"distribution":"{\"name\": \"FloatDistribution\", \"attributes\": {\"step\": null, \"low\": 0.0, \"high\": 0.8, \"log\": false}}"}
{"op_code":6,"worker_id":"98da074b-f233-48d0-9688-6de0736e3e19-8038699008","trial_id":4,"state":1,"values":[0.014113989813288428],"datetime_complete":"2024-10-16T11:53:32.146892"}
{"op_code":4,"worker_id":"98da074b-f233-48d0-9688-6de0736e3e19-8038699008","study_id":0,"datetime_start":"2024-10-16T11:53:32.147953"}
{"op_code":5,"worker_id":"98da074b-f233-48d0-9688-6de0736e3e19-8038699008","trial_id":5,"param_name":"train_epochs","param_value_internal":27.0,"distribution":"{\"name\": \"IntDistribution\", \"attributes\": {\"log\": false, \"step\": 1, \"low\": 10, \"high\": 30}}"}
{"op_code":5,"worker_id":"98da074b-f233-48d0-9688-6de0736e3e19-8038699008","trial_id":5,"param_name":"hidden_size","param_value_internal":39.0,"distribution":"{\"name\": \"IntDistribution\", \"attributes\": {\"log\": false, \"step\": 1, \"low\": 10, \"high\": 100}}"}
{"op_code":5,"worker_id":"98da074b-f233-48d0-9688-6de0736e3e19-8038699008","trial_id":5,"param_name":"dropout","param_value_internal":0.3443340404267378,"distribution":"{\"name\": \"FloatDistribution\", \"attributes\": {\"step\": null, \"low\": 0.0, \"high\": 0.8, \"log\": false}}"}
{"op_code":6,"worker_id":"98da074b-f233-48d0-9688-6de0736e3e19-8038699008","trial_id":5,"state":1,"values":[0.022241161835713768],"datetime_complete":"2024-10-16T11:54:44.879277"}
{"op_code":4,"worker_id":"98da074b-f233-48d0-9688-6de0736e3e19-8038699008","study_id":0,"datetime_start":"2024-10-16T11:54:44.880246"}
{"op_code":5,"worker_id":"98da074b-f233-48d0-9688-6de0736e3e19-8038699008","trial_id":6,"param_name":"train_epochs","param_value_internal":12.0,"distribution":"{\"name\": \"IntDistribution\", \"attributes\": {\"log\": false, \"step\": 1, \"low\": 10, \"high\": 30}}"}
{"op_code":5,"worker_id":"98da074b-f233-48d0-9688-6de0736e3e19-8038699008","trial_id":6,"param_name":"hidden_size","param_value_internal":55.0,"distribution":"{\"name\": \"IntDistribution\", \"attributes\": {\"log\": false, \"step\": 1, \"low\": 10, \"high\": 100}}"}
{"op_code":5,"worker_id":"98da074b-f233-48d0-9688-6de0736e3e19-8038699008","trial_id":6,"param_name":"dropout","param_value_internal":0.6915634886813428,"distribution":"{\"name\": \"FloatDistribution\", \"attributes\": {\"step\": null, \"low\": 0.0, \"high\": 0.8, \"log\": false}}"}
{"op_code":6,"worker_id":"98da074b-f233-48d0-9688-6de0736e3e19-8038699008","trial_id":6,"state":1,"values":[0.041230489940487974],"datetime_complete":"2024-10-16T11:55:18.498112"}
{"op_code":4,"worker_id":"98da074b-f233-48d0-9688-6de0736e3e19-8038699008","study_id":0,"datetime_start":"2024-10-16T11:55:18.499088"}
{"op_code":5,"worker_id":"98da074b-f233-48d0-9688-6de0736e3e19-8038699008","trial_id":7,"param_name":"train_epochs","param_value_internal":16.0,"distribution":"{\"name\": \"IntDistribution\", \"attributes\": {\"log\": false, \"step\": 1, \"low\": 10, \"high\": 30}}"}
{"op_code":5,"worker_id":"98da074b-f233-48d0-9688-6de0736e3e19-8038699008","trial_id":7,"param_name":"hidden_size","param_value_internal":64.0,"distribution":"{\"name\": \"IntDistribution\", \"attributes\": {\"log\": false, \"step\": 1, \"low\": 10, \"high\": 100}}"}
{"op_code":5,"worker_id":"98da074b-f233-48d0-9688-6de0736e3e19-8038699008","trial_id":7,"param_name":"dropout","param_value_internal":0.6238729649890664,"distribution":"{\"name\": \"FloatDistribution\", \"attributes\": {\"step\": null, \"low\": 0.0, \"high\": 0.8, \"log\": false}}"}
{"op_code":6,"worker_id":"98da074b-f233-48d0-9688-6de0736e3e19-8038699008","trial_id":7,"state":1,"values":[0.09661246758516667],"datetime_complete":"2024-10-16T11:56:03.505494"}
{"op_code":4,"worker_id":"98da074b-f233-48d0-9688-6de0736e3e19-8038699008","study_id":0,"datetime_start":"2024-10-16T11:56:03.506525"}
{"op_code":5,"worker_id":"98da074b-f233-48d0-9688-6de0736e3e19-8038699008","trial_id":8,"param_name":"train_epochs","param_value_internal":11.0,"distribution":"{\"name\": \"IntDistribution\", \"attributes\": {\"log\": false, \"step\": 1, \"low\": 10, \"high\": 30}}"}
{"op_code":5,"worker_id":"98da074b-f233-48d0-9688-6de0736e3e19-8038699008","trial_id":8,"param_name":"hidden_size","param_value_internal":37.0,"distribution":"{\"name\": \"IntDistribution\", \"attributes\": {\"log\": false, \"step\": 1, \"low\": 10, \"high\": 100}}"}
{"op_code":5,"worker_id":"98da074b-f233-48d0-9688-6de0736e3e19-8038699008","trial_id":8,"param_name":"dropout","param_value_internal":0.23784418557260534,"distribution":"{\"name\": \"FloatDistribution\", \"attributes\": {\"step\": null, \"low\": 0.0, \"high\": 0.8, \"log\": false}}"}
{"op_code":6,"worker_id":"98da074b-f233-48d0-9688-6de0736e3e19-8038699008","trial_id":8,"state":1,"values":[0.023640688974410295],"datetime_complete":"2024-10-16T11:56:33.579816"}
{"op_code":4,"worker_id":"98da074b-f233-48d0-9688-6de0736e3e19-8038699008","study_id":0,"datetime_start":"2024-10-16T11:56:33.580809"}
{"op_code":5,"worker_id":"98da074b-f233-48d0-9688-6de0736e3e19-8038699008","trial_id":9,"param_name":"train_epochs","param_value_internal":28.0,"distribution":"{\"name\": \"IntDistribution\", \"attributes\": {\"log\": false, \"step\": 1, \"low\": 10, \"high\": 30}}"}
{"op_code":5,"worker_id":"98da074b-f233-48d0-9688-6de0736e3e19-8038699008","trial_id":9,"param_name":"hidden_size","param_value_internal":84.0,"distribution":"{\"name\": \"IntDistribution\", \"attributes\": {\"log\": false, \"step\": 1, \"low\": 10, \"high\": 100}}"}
{"op_code":5,"worker_id":"98da074b-f233-48d0-9688-6de0736e3e19-8038699008","trial_id":9,"param_name":"dropout","param_value_internal":0.5947719297299637,"distribution":"{\"name\": \"FloatDistribution\", \"attributes\": {\"step\": null, \"low\": 0.0, \"high\": 0.8, \"log\": false}}"}
{"op_code":6,"worker_id":"98da074b-f233-48d0-9688-6de0736e3e19-8038699008","trial_id":9,"state":1,"values":[0.08244580405781854],"datetime_complete":"2024-10-16T11:57:52.112588"}
{"op_code":4,"worker_id":"98da074b-f233-48d0-9688-6de0736e3e19-8038699008","study_id":0,"datetime_start":"2024-10-16T11:57:52.113541"}
{"op_code":5,"worker_id":"98da074b-f233-48d0-9688-6de0736e3e19-8038699008","trial_id":10,"param_name":"train_epochs","param_value_internal":20.0,"distribution":"{\"name\": \"IntDistribution\", \"attributes\": {\"log\": false, \"step\": 1, \"low\": 10, \"high\": 30}}"}
{"op_code":5,"worker_id":"98da074b-f233-48d0-9688-6de0736e3e19-8038699008","trial_id":10,"param_name":"hidden_size","param_value_internal":94.0,"distribution":"{\"name\": \"IntDistribution\", \"attributes\": {\"log\": false, \"step\": 1, \"low\": 10, \"high\": 100}}"}
{"op_code":5,"worker_id":"98da074b-f233-48d0-9688-6de0736e3e19-8038699008","trial_id":10,"param_name":"dropout","param_value_internal":0.4612448559818263,"distribution":"{\"name\": \"FloatDistribution\", \"attributes\": {\"step\": null, \"low\": 0.0, \"high\": 0.8, \"log\": false}}"}
{"op_code":6,"worker_id":"98da074b-f233-48d0-9688-6de0736e3e19-8038699008","trial_id":10,"state":1,"values":[0.0852380225250392],"datetime_complete":"2024-10-16T11:58:47.673831"}
{"op_code":4,"worker_id":"98da074b-f233-48d0-9688-6de0736e3e19-8038699008","study_id":0,"datetime_start":"2024-10-16T11:58:47.674954"}
{"op_code":5,"worker_id":"98da074b-f233-48d0-9688-6de0736e3e19-8038699008","trial_id":11,"param_name":"train_epochs","param_value_internal":17.0,"distribution":"{\"name\": \"IntDistribution\", \"attributes\": {\"log\": false, \"step\": 1, \"low\": 10, \"high\": 30}}"}
{"op_code":5,"worker_id":"98da074b-f233-48d0-9688-6de0736e3e19-8038699008","trial_id":11,"param_name":"hidden_size","param_value_internal":11.0,"distribution":"{\"name\": \"IntDistribution\", \"attributes\": {\"log\": false, \"step\": 1, \"low\": 10, \"high\": 100}}"}
{"op_code":5,"worker_id":"98da074b-f233-48d0-9688-6de0736e3e19-8038699008","trial_id":11,"param_name":"dropout","param_value_internal":0.1905777186074117,"distribution":"{\"name\": \"FloatDistribution\", \"attributes\": {\"step\": null, \"low\": 0.0, \"high\": 0.8, \"log\": false}}"}
{"op_code":6,"worker_id":"98da074b-f233-48d0-9688-6de0736e3e19-8038699008","trial_id":11,"state":1,"values":[0.10659487260294692],"datetime_complete":"2024-10-16T11:59:32.148589"}
{"op_code":4,"worker_id":"98da074b-f233-48d0-9688-6de0736e3e19-8038699008","study_id":0,"datetime_start":"2024-10-16T11:59:32.149651"}
{"op_code":5,"worker_id":"98da074b-f233-48d0-9688-6de0736e3e19-8038699008","trial_id":12,"param_name":"train_epochs","param_value_internal":23.0,"distribution":"{\"name\": \"IntDistribution\", \"attributes\": {\"log\": false, \"step\": 1, \"low\": 10, \"high\": 30}}"}
{"op_code":5,"worker_id":"98da074b-f233-48d0-9688-6de0736e3e19-8038699008","trial_id":12,"param_name":"hidden_size","param_value_internal":61.0,"distribution":"{\"name\": \"IntDistribution\", \"attributes\": {\"log\": false, \"step\": 1, \"low\": 10, \"high\": 100}}"}
{"op_code":5,"worker_id":"98da074b-f233-48d0-9688-6de0736e3e19-8038699008","trial_id":12,"param_name":"dropout","param_value_internal":0.011099351178044059,"distribution":"{\"name\": \"FloatDistribution\", \"attributes\": {\"step\": null, \"low\": 0.0, \"high\": 0.8, \"log\": false}}"}
{"op_code":6,"worker_id":"98da074b-f233-48d0-9688-6de0736e3e19-8038699008","trial_id":12,"state":1,"values":[0.052740583698845135],"datetime_complete":"2024-10-16T12:00:34.039293"}
{"op_code":4,"worker_id":"98da074b-f233-48d0-9688-6de0736e3e19-8038699008","study_id":0,"datetime_start":"2024-10-16T12:00:34.040363"}
{"op_code":5,"worker_id":"98da074b-f233-48d0-9688-6de0736e3e19-8038699008","trial_id":13,"param_name":"train_epochs","param_value_internal":14.0,"distribution":"{\"name\": \"IntDistribution\", \"attributes\": {\"log\": false, \"step\": 1, \"low\": 10, \"high\": 30}}"}
{"op_code":5,"worker_id":"98da074b-f233-48d0-9688-6de0736e3e19-8038699008","trial_id":13,"param_name":"hidden_size","param_value_internal":15.0,"distribution":"{\"name\": \"IntDistribution\", \"attributes\": {\"log\": false, \"step\": 1, \"low\": 10, \"high\": 100}}"}
{"op_code":5,"worker_id":"98da074b-f233-48d0-9688-6de0736e3e19-8038699008","trial_id":13,"param_name":"dropout","param_value_internal":0.1882091567776546,"distribution":"{\"name\": \"FloatDistribution\", \"attributes\": {\"step\": null, \"low\": 0.0, \"high\": 0.8, \"log\": false}}"}
{"op_code":6,"worker_id":"98da074b-f233-48d0-9688-6de0736e3e19-8038699008","trial_id":13,"state":1,"values":[0.03852591239759382],"datetime_complete":"2024-10-16T12:01:10.949042"}
{"op_code":4,"worker_id":"98da074b-f233-48d0-9688-6de0736e3e19-8038699008","study_id":0,"datetime_start":"2024-10-16T12:01:10.950084"}
{"op_code":5,"worker_id":"98da074b-f233-48d0-9688-6de0736e3e19-8038699008","trial_id":14,"param_name":"train_epochs","param_value_internal":25.0,"distribution":"{\"name\": \"IntDistribution\", \"attributes\": {\"log\": false, \"step\": 1, \"low\": 10, \"high\": 30}}"}
{"op_code":5,"worker_id":"98da074b-f233-48d0-9688-6de0736e3e19-8038699008","trial_id":14,"param_name":"hidden_size","param_value_internal":74.0,"distribution":"{\"name\": \"IntDistribution\", \"attributes\": {\"log\": false, \"step\": 1, \"low\": 10, \"high\": 100}}"}
{"op_code":5,"worker_id":"98da074b-f233-48d0-9688-6de0736e3e19-8038699008","trial_id":14,"param_name":"dropout","param_value_internal":0.31656652497077087,"distribution":"{\"name\": \"FloatDistribution\", \"attributes\": {\"step\": null, \"low\": 0.0, \"high\": 0.8, \"log\": false}}"}
{"op_code":6,"worker_id":"98da074b-f233-48d0-9688-6de0736e3e19-8038699008","trial_id":14,"state":1,"values":[0.09204409622306109],"datetime_complete":"2024-10-16T12:02:18.437279"}
{"op_code":4,"worker_id":"98da074b-f233-48d0-9688-6de0736e3e19-8038699008","study_id":0,"datetime_start":"2024-10-16T12:02:18.438340"}
{"op_code":5,"worker_id":"98da074b-f233-48d0-9688-6de0736e3e19-8038699008","trial_id":15,"param_name":"train_epochs","param_value_internal":30.0,"distribution":"{\"name\": \"IntDistribution\", \"attributes\": {\"log\": false, \"step\": 1, \"low\": 10, \"high\": 30}}"}
{"op_code":5,"worker_id":"98da074b-f233-48d0-9688-6de0736e3e19-8038699008","trial_id":15,"param_name":"hidden_size","param_value_internal":49.0,"distribution":"{\"name\": \"IntDistribution\", \"attributes\": {\"log\": false, \"step\": 1, \"low\": 10, \"high\": 100}}"}
{"op_code":5,"worker_id":"98da074b-f233-48d0-9688-6de0736e3e19-8038699008","trial_id":15,"param_name":"dropout","param_value_internal":0.14153638262080825,"distribution":"{\"name\": \"FloatDistribution\", \"attributes\": {\"step\": null, \"low\": 0.0, \"high\": 0.8, \"log\": false}}"}
{"op_code":6,"worker_id":"98da074b-f233-48d0-9688-6de0736e3e19-8038699008","trial_id":15,"state":1,"values":[0.036652427879249994],"datetime_complete":"2024-10-16T12:03:36.254725"}
{"op_code":4,"worker_id":"98da074b-f233-48d0-9688-6de0736e3e19-8038699008","study_id":0,"datetime_start":"2024-10-16T12:03:36.255833"}
{"op_code":5,"worker_id":"98da074b-f233-48d0-9688-6de0736e3e19-8038699008","trial_id":16,"param_name":"train_epochs","param_value_internal":10.0,"distribution":"{\"name\": \"IntDistribution\", \"attributes\": {\"log\": false, \"step\": 1, \"low\": 10, \"high\": 30}}"}
{"op_code":5,"worker_id":"98da074b-f233-48d0-9688-6de0736e3e19-8038699008","trial_id":16,"param_name":"hidden_size","param_value_internal":97.0,"distribution":"{\"name\": \"IntDistribution\", \"attributes\": {\"log\": false, \"step\": 1, \"low\": 10, \"high\": 100}}"}
{"op_code":5,"worker_id":"98da074b-f233-48d0-9688-6de0736e3e19-8038699008","trial_id":16,"param_name":"dropout","param_value_internal":0.453492233852064,"distribution":"{\"name\": \"FloatDistribution\", \"attributes\": {\"step\": null, \"low\": 0.0, \"high\": 0.8, \"log\": false}}"}
{"op_code":6,"worker_id":"98da074b-f233-48d0-9688-6de0736e3e19-8038699008","trial_id":16,"state":1,"values":[0.03500360487257394],"datetime_complete":"2024-10-16T12:04:03.967649"}
{"op_code":4,"worker_id":"98da074b-f233-48d0-9688-6de0736e3e19-8038699008","study_id":0,"datetime_start":"2024-10-16T12:04:03.968614"}
{"op_code":5,"worker_id":"98da074b-f233-48d0-9688-6de0736e3e19-8038699008","trial_id":17,"param_name":"train_epochs","param_value_internal":19.0,"distribution":"{\"name\": \"IntDistribution\", \"attributes\": {\"log\": false, \"step\": 1, \"low\": 10, \"high\": 30}}"}
{"op_code":5,"worker_id":"98da074b-f233-48d0-9688-6de0736e3e19-8038699008","trial_id":17,"param_name":"hidden_size","param_value_internal":47.0,"distribution":"{\"name\": \"IntDistribution\", \"attributes\": {\"log\": false, \"step\": 1, \"low\": 10, \"high\": 100}}"}
{"op_code":5,"worker_id":"98da074b-f233-48d0-9688-6de0736e3e19-8038699008","trial_id":17,"param_name":"dropout","param_value_internal":0.3076511401973447,"distribution":"{\"name\": \"FloatDistribution\", \"attributes\": {\"step\": null, \"low\": 0.0, \"high\": 0.8, \"log\": false}}"}
{"op_code":6,"worker_id":"98da074b-f233-48d0-9688-6de0736e3e19-8038699008","trial_id":17,"state":1,"values":[0.017737885320532786],"datetime_complete":"2024-10-16T12:04:53.923501"}
{"op_code":4,"worker_id":"98da074b-f233-48d0-9688-6de0736e3e19-8038699008","study_id":0,"datetime_start":"2024-10-16T12:04:53.924730"}
{"op_code":5,"worker_id":"98da074b-f233-48d0-9688-6de0736e3e19-8038699008","trial_id":18,"param_name":"train_epochs","param_value_internal":14.0,"distribution":"{\"name\": \"IntDistribution\", \"attributes\": {\"log\": false, \"step\": 1, \"low\": 10, \"high\": 30}}"}
{"op_code":5,"worker_id":"98da074b-f233-48d0-9688-6de0736e3e19-8038699008","trial_id":18,"param_name":"hidden_size","param_value_internal":26.0,"distribution":"{\"name\": \"IntDistribution\", \"attributes\": {\"log\": false, \"step\": 1, \"low\": 10, \"high\": 100}}"}
{"op_code":5,"worker_id":"98da074b-f233-48d0-9688-6de0736e3e19-8038699008","trial_id":18,"param_name":"dropout","param_value_internal":0.10660553635121962,"distribution":"{\"name\": \"FloatDistribution\", \"attributes\": {\"step\": null, \"low\": 0.0, \"high\": 0.8, \"log\": false}}"}
{"op_code":6,"worker_id":"98da074b-f233-48d0-9688-6de0736e3e19-8038699008","trial_id":18,"state":1,"values":[0.018211806586609695],"datetime_complete":"2024-10-16T12:05:31.127825"}
{"op_code":4,"worker_id":"98da074b-f233-48d0-9688-6de0736e3e19-8038699008","study_id":0,"datetime_start":"2024-10-16T12:05:31.128861"}
{"op_code":5,"worker_id":"98da074b-f233-48d0-9688-6de0736e3e19-8038699008","trial_id":19,"param_name":"train_epochs","param_value_internal":22.0,"distribution":"{\"name\": \"IntDistribution\", \"attributes\": {\"log\": false, \"step\": 1, \"low\": 10, \"high\": 30}}"}
{"op_code":5,"worker_id":"98da074b-f233-48d0-9688-6de0736e3e19-8038699008","trial_id":19,"param_name":"hidden_size","param_value_internal":23.0,"distribution":"{\"name\": \"IntDistribution\", \"attributes\": {\"log\": false, \"step\": 1, \"low\": 10, \"high\": 100}}"}
{"op_code":5,"worker_id":"98da074b-f233-48d0-9688-6de0736e3e19-8038699008","trial_id":19,"param_name":"dropout","param_value_internal":0.0016845398603315687,"distribution":"{\"name\": \"FloatDistribution\", \"attributes\": {\"step\": null, \"low\": 0.0, \"high\": 0.8, \"log\": false}}"}
{"op_code":6,"worker_id":"98da074b-f233-48d0-9688-6de0736e3e19-8038699008","trial_id":19,"state":1,"values":[0.010690003185409983],"datetime_complete":"2024-10-16T12:06:28.324977"}
{"op_code":4,"worker_id":"98da074b-f233-48d0-9688-6de0736e3e19-8038699008","study_id":0,"datetime_start":"2024-10-16T12:06:28.326035"}
{"op_code":5,"worker_id":"98da074b-f233-48d0-9688-6de0736e3e19-8038699008","trial_id":20,"param_name":"train_epochs","param_value_internal":22.0,"distribution":"{\"name\": \"IntDistribution\", \"attributes\": {\"log\": false, \"step\": 1, \"low\": 10, \"high\": 30}}"}
{"op_code":5,"worker_id":"98da074b-f233-48d0-9688-6de0736e3e19-8038699008","trial_id":20,"param_name":"hidden_size","param_value_internal":21.0,"distribution":"{\"name\": \"IntDistribution\", \"attributes\": {\"log\": false, \"step\": 1, \"low\": 10, \"high\": 100}}"}
{"op_code":5,"worker_id":"98da074b-f233-48d0-9688-6de0736e3e19-8038699008","trial_id":20,"param_name":"dropout","param_value_internal":0.7932671952089932,"distribution":"{\"name\": \"FloatDistribution\", \"attributes\": {\"step\": null, \"low\": 0.0, \"high\": 0.8, \"log\": false}}"}
{"op_code":6,"worker_id":"98da074b-f233-48d0-9688-6de0736e3e19-8038699008","trial_id":20,"state":1,"values":[0.014294139813095822],"datetime_complete":"2024-10-16T12:07:25.847781"}
{"op_code":4,"worker_id":"98da074b-f233-48d0-9688-6de0736e3e19-8038699008","study_id":0,"datetime_start":"2024-10-16T12:07:25.848870"}
{"op_code":5,"worker_id":"98da074b-f233-48d0-9688-6de0736e3e19-8038699008","trial_id":21,"param_name":"train_epochs","param_value_internal":25.0,"distribution":"{\"name\": \"IntDistribution\", \"attributes\": {\"log\": false, \"step\": 1, \"low\": 10, \"high\": 30}}"}
{"op_code":5,"worker_id":"98da074b-f233-48d0-9688-6de0736e3e19-8038699008","trial_id":21,"param_name":"hidden_size","param_value_internal":22.0,"distribution":"{\"name\": \"IntDistribution\", \"attributes\": {\"log\": false, \"step\": 1, \"low\": 10, \"high\": 100}}"}
{"op_code":5,"worker_id":"98da074b-f233-48d0-9688-6de0736e3e19-8038699008","trial_id":21,"param_name":"dropout","param_value_internal":0.015827165554156537,"distribution":"{\"name\": \"FloatDistribution\", \"attributes\": {\"step\": null, \"low\": 0.0, \"high\": 0.8, \"log\": false}}"}
{"op_code":6,"worker_id":"98da074b-f233-48d0-9688-6de0736e3e19-8038699008","trial_id":21,"state":1,"values":[0.06275706953843528],"datetime_complete":"2024-10-16T12:08:30.910581"}
{"op_code":4,"worker_id":"98da074b-f233-48d0-9688-6de0736e3e19-8038699008","study_id":0,"datetime_start":"2024-10-16T12:08:30.911777"}
{"op_code":5,"worker_id":"98da074b-f233-48d0-9688-6de0736e3e19-8038699008","trial_id":22,"param_name":"train_epochs","param_value_internal":19.0,"distribution":"{\"name\": \"IntDistribution\", \"attributes\": {\"log\": false, \"step\": 1, \"low\": 10, \"high\": 30}}"}
{"op_code":5,"worker_id":"98da074b-f233-48d0-9688-6de0736e3e19-8038699008","trial_id":22,"param_name":"hidden_size","param_value_internal":48.0,"distribution":"{\"name\": \"IntDistribution\", \"attributes\": {\"log\": false, \"step\": 1, \"low\": 10, \"high\": 100}}"}
{"op_code":5,"worker_id":"98da074b-f233-48d0-9688-6de0736e3e19-8038699008","trial_id":22,"param_name":"dropout","param_value_internal":0.12288436358020727,"distribution":"{\"name\": \"FloatDistribution\", \"attributes\": {\"step\": null, \"low\": 0.0, \"high\": 0.8, \"log\": false}}"}
{"op_code":6,"worker_id":"98da074b-f233-48d0-9688-6de0736e3e19-8038699008","trial_id":22,"state":1,"values":[0.6766206444118101],"datetime_complete":"2024-10-16T12:09:20.126351"}
{"op_code":4,"worker_id":"98da074b-f233-48d0-9688-6de0736e3e19-8038699008","study_id":0,"datetime_start":"2024-10-16T12:09:20.127313"}
{"op_code":5,"worker_id":"98da074b-f233-48d0-9688-6de0736e3e19-8038699008","trial_id":23,"param_name":"train_epochs","param_value_internal":26.0,"distribution":"{\"name\": \"IntDistribution\", \"attributes\": {\"log\": false, \"step\": 1, \"low\": 10, \"high\": 30}}"}
{"op_code":5,"worker_id":"98da074b-f233-48d0-9688-6de0736e3e19-8038699008","trial_id":23,"param_name":"hidden_size","param_value_internal":42.0,"distribution":"{\"name\": \"IntDistribution\", \"attributes\": {\"log\": false, \"step\": 1, \"low\": 10, \"high\": 100}}"}
{"op_code":5,"worker_id":"98da074b-f233-48d0-9688-6de0736e3e19-8038699008","trial_id":23,"param_name":"dropout","param_value_internal":0.19699580546810536,"distribution":"{\"name\": \"FloatDistribution\", \"attributes\": {\"step\": null, \"low\": 0.0, \"high\": 0.8, \"log\": false}}"}
{"op_code":6,"worker_id":"98da074b-f233-48d0-9688-6de0736e3e19-8038699008","trial_id":23,"state":1,"values":[0.038634919152893826],"datetime_complete":"2024-10-16T12:10:28.243408"}
{"op_code":4,"worker_id":"98da074b-f233-48d0-9688-6de0736e3e19-8038699008","study_id":0,"datetime_start":"2024-10-16T12:10:28.244473"}
{"op_code":5,"worker_id":"98da074b-f233-48d0-9688-6de0736e3e19-8038699008","trial_id":24,"param_name":"train_epochs","param_value_internal":22.0,"distribution":"{\"name\": \"IntDistribution\", \"attributes\": {\"log\": false, \"step\": 1, \"low\": 10, \"high\": 30}}"}
{"op_code":5,"worker_id":"98da074b-f233-48d0-9688-6de0736e3e19-8038699008","trial_id":24,"param_name":"hidden_size","param_value_internal":69.0,"distribution":"{\"name\": \"IntDistribution\", \"attributes\": {\"log\": false, \"step\": 1, \"low\": 10, \"high\": 100}}"}
{"op_code":5,"worker_id":"98da074b-f233-48d0-9688-6de0736e3e19-8038699008","trial_id":24,"param_name":"dropout","param_value_internal":0.2544330354064357,"distribution":"{\"name\": \"FloatDistribution\", \"attributes\": {\"step\": null, \"low\": 0.0, \"high\": 0.8, \"log\": false}}"}
{"op_code":6,"worker_id":"98da074b-f233-48d0-9688-6de0736e3e19-8038699008","trial_id":24,"state":1,"values":[0.022469182649873336],"datetime_complete":"2024-10-16T12:11:27.621651"}
{"op_code":4,"worker_id":"98da074b-f233-48d0-9688-6de0736e3e19-8038699008","study_id":0,"datetime_start":"2024-10-16T12:11:27.622657"}
{"op_code":5,"worker_id":"98da074b-f233-48d0-9688-6de0736e3e19-8038699008","trial_id":25,"param_name":"train_epochs","param_value_internal":17.0,"distribution":"{\"name\": \"IntDistribution\", \"attributes\": {\"log\": false, \"step\": 1, \"low\": 10, \"high\": 30}}"}
{"op_code":5,"worker_id":"98da074b-f233-48d0-9688-6de0736e3e19-8038699008","trial_id":25,"param_name":"hidden_size","param_value_internal":26.0,"distribution":"{\"name\": \"IntDistribution\", \"attributes\": {\"log\": false, \"step\": 1, \"low\": 10, \"high\": 100}}"}
{"op_code":5,"worker_id":"98da074b-f233-48d0-9688-6de0736e3e19-8038699008","trial_id":25,"param_name":"dropout","param_value_internal":0.004365995233929494,"distribution":"{\"name\": \"FloatDistribution\", \"attributes\": {\"step\": null, \"low\": 0.0, \"high\": 0.8, \"log\": false}}"}
{"op_code":6,"worker_id":"98da074b-f233-48d0-9688-6de0736e3e19-8038699008","trial_id":25,"state":1,"values":[0.020395746256031518],"datetime_complete":"2024-10-16T12:12:12.117137"}
{"op_code":4,"worker_id":"98da074b-f233-48d0-9688-6de0736e3e19-8038699008","study_id":0,"datetime_start":"2024-10-16T12:12:12.118224"}
{"op_code":5,"worker_id":"98da074b-f233-48d0-9688-6de0736e3e19-8038699008","trial_id":26,"param_name":"train_epochs","param_value_internal":23.0,"distribution":"{\"name\": \"IntDistribution\", \"attributes\": {\"log\": false, \"step\": 1, \"low\": 10, \"high\": 30}}"}
{"op_code":5,"worker_id":"98da074b-f233-48d0-9688-6de0736e3e19-8038699008","trial_id":26,"param_name":"hidden_size","param_value_internal":58.0,"distribution":"{\"name\": \"IntDistribution\", \"attributes\": {\"log\": false, \"step\": 1, \"low\": 10, \"high\": 100}}"}
{"op_code":5,"worker_id":"98da074b-f233-48d0-9688-6de0736e3e19-8038699008","trial_id":26,"param_name":"dropout","param_value_internal":0.0806204231765333,"distribution":"{\"name\": \"FloatDistribution\", \"attributes\": {\"step\": null, \"low\": 0.0, \"high\": 0.8, \"log\": false}}"}
{"op_code":6,"worker_id":"98da074b-f233-48d0-9688-6de0736e3e19-8038699008","trial_id":26,"state":1,"values":[0.02716639189418616],"datetime_complete":"2024-10-16T12:13:14.024407"}
{"op_code":4,"worker_id":"98da074b-f233-48d0-9688-6de0736e3e19-8038699008","study_id":0,"datetime_start":"2024-10-16T12:13:14.025517"}
{"op_code":5,"worker_id":"98da074b-f233-48d0-9688-6de0736e3e19-8038699008","trial_id":27,"param_name":"train_epochs","param_value_internal":19.0,"distribution":"{\"name\": \"IntDistribution\", \"attributes\": {\"log\": false, \"step\": 1, \"low\": 10, \"high\": 30}}"}
{"op_code":5,"worker_id":"98da074b-f233-48d0-9688-6de0736e3e19-8038699008","trial_id":27,"param_name":"hidden_size","param_value_internal":86.0,"distribution":"{\"name\": \"IntDistribution\", \"attributes\": {\"log\": false, \"step\": 1, \"low\": 10, \"high\": 100}}"}
{"op_code":5,"worker_id":"98da074b-f233-48d0-9688-6de0736e3e19-8038699008","trial_id":27,"param_name":"dropout","param_value_internal":0.15233329840727264,"distribution":"{\"name\": \"FloatDistribution\", \"attributes\": {\"step\": null, \"low\": 0.0, \"high\": 0.8, \"log\": false}}"}
{"op_code":6,"worker_id":"98da074b-f233-48d0-9688-6de0736e3e19-8038699008","trial_id":27,"state":1,"values":[0.05036318160918594],"datetime_complete":"2024-10-16T12:14:06.304360"}
{"op_code":4,"worker_id":"98da074b-f233-48d0-9688-6de0736e3e19-8038699008","study_id":0,"datetime_start":"2024-10-16T12:14:06.305402"}
{"op_code":5,"worker_id":"98da074b-f233-48d0-9688-6de0736e3e19-8038699008","trial_id":28,"param_name":"train_epochs","param_value_internal":30.0,"distribution":"{\"name\": \"IntDistribution\", \"attributes\": {\"log\": false, \"step\": 1, \"low\": 10, \"high\": 30}}"}
{"op_code":5,"worker_id":"98da074b-f233-48d0-9688-6de0736e3e19-8038699008","trial_id":28,"param_name":"hidden_size","param_value_internal":31.0,"distribution":"{\"name\": \"IntDistribution\", \"attributes\": {\"log\": false, \"step\": 1, \"low\": 10, \"high\": 100}}"}
{"op_code":5,"worker_id":"98da074b-f233-48d0-9688-6de0736e3e19-8038699008","trial_id":28,"param_name":"dropout","param_value_internal":0.0579980253709509,"distribution":"{\"name\": \"FloatDistribution\", \"attributes\": {\"step\": null, \"low\": 0.0, \"high\": 0.8, \"log\": false}}"}
{"op_code":6,"worker_id":"98da074b-f233-48d0-9688-6de0736e3e19-8038699008","trial_id":28,"state":1,"values":[0.03054764600347657],"datetime_complete":"2024-10-16T12:15:27.412003"}
{"op_code":4,"worker_id":"98da074b-f233-48d0-9688-6de0736e3e19-8038699008","study_id":0,"datetime_start":"2024-10-16T12:15:27.413542"}
{"op_code":5,"worker_id":"98da074b-f233-48d0-9688-6de0736e3e19-8038699008","trial_id":29,"param_name":"train_epochs","param_value_internal":21.0,"distribution":"{\"name\": \"IntDistribution\", \"attributes\": {\"log\": false, \"step\": 1, \"low\": 10, \"high\": 30}}"}
{"op_code":5,"worker_id":"98da074b-f233-48d0-9688-6de0736e3e19-8038699008","trial_id":29,"param_name":"hidden_size","param_value_internal":18.0,"distribution":"{\"name\": \"IntDistribution\", \"attributes\": {\"log\": false, \"step\": 1, \"low\": 10, \"high\": 100}}"}
{"op_code":5,"worker_id":"98da074b-f233-48d0-9688-6de0736e3e19-8038699008","trial_id":29,"param_name":"dropout","param_value_internal":0.3869788799338024,"distribution":"{\"name\": \"FloatDistribution\", \"attributes\": {\"step\": null, \"low\": 0.0, \"high\": 0.8, \"log\": false}}"}
{"op_code":0,"worker_id":"460f6ee0-31dd-41d0-a543-bda5258f6ee9-8038699008","study_name":"LSTM_1","directions":[1]}
{"op_code":4,"worker_id":"460f6ee0-31dd-41d0-a543-bda5258f6ee9-8038699008","study_id":0,"datetime_start":"2024-10-16T12:16:12.146663"}
{"op_code":5,"worker_id":"460f6ee0-31dd-41d0-a543-bda5258f6ee9-8038699008","trial_id":30,"param_name":"train_epochs","param_value_internal":14.0,"distribution":"{\"name\": \"IntDistribution\", \"attributes\": {\"log\": false, \"step\": 1, \"low\": 10, \"high\": 30}}"}
{"op_code":5,"worker_id":"460f6ee0-31dd-41d0-a543-bda5258f6ee9-8038699008","trial_id":30,"param_name":"hidden_size","param_value_internal":76.0,"distribution":"{\"name\": \"IntDistribution\", \"attributes\": {\"log\": false, \"step\": 1, \"low\": 10, \"high\": 100}}"}
{"op_code":5,"worker_id":"460f6ee0-31dd-41d0-a543-bda5258f6ee9-8038699008","trial_id":30,"param_name":"dropout","param_value_internal":0.05223626402802069,"distribution":"{\"name\": \"FloatDistribution\", \"attributes\": {\"step\": null, \"low\": 0.0, \"high\": 0.8, \"log\": false}}"}
{"op_code":6,"worker_id":"98da074b-f233-48d0-9688-6de0736e3e19-8038699008","trial_id":29,"state":1,"values":[0.014590558451205],"datetime_complete":"2024-10-16T12:16:25.211245"}
{"op_code":4,"worker_id":"98da074b-f233-48d0-9688-6de0736e3e19-8038699008","study_id":0,"datetime_start":"2024-10-16T12:16:25.212838"}
{"op_code":5,"worker_id":"98da074b-f233-48d0-9688-6de0736e3e19-8038699008","trial_id":31,"param_name":"train_epochs","param_value_internal":13.0,"distribution":"{\"name\": \"IntDistribution\", \"attributes\": {\"log\": false, \"step\": 1, \"low\": 10, \"high\": 30}}"}
{"op_code":5,"worker_id":"98da074b-f233-48d0-9688-6de0736e3e19-8038699008","trial_id":31,"param_name":"hidden_size","param_value_internal":74.0,"distribution":"{\"name\": \"IntDistribution\", \"attributes\": {\"log\": false, \"step\": 1, \"low\": 10, \"high\": 100}}"}
{"op_code":5,"worker_id":"98da074b-f233-48d0-9688-6de0736e3e19-8038699008","trial_id":31,"param_name":"dropout","param_value_internal":0.2554440070191274,"distribution":"{\"name\": \"FloatDistribution\", \"attributes\": {\"step\": null, \"low\": 0.0, \"high\": 0.8, \"log\": false}}"}
{"op_code":6,"worker_id":"460f6ee0-31dd-41d0-a543-bda5258f6ee9-8038699008","trial_id":30,"state":1,"values":[0.014203611542119311],"datetime_complete":"2024-10-16T12:16:57.161617"}
{"op_code":4,"worker_id":"460f6ee0-31dd-41d0-a543-bda5258f6ee9-8038699008","study_id":0,"datetime_start":"2024-10-16T12:16:57.162771"}
{"op_code":5,"worker_id":"460f6ee0-31dd-41d0-a543-bda5258f6ee9-8038699008","trial_id":32,"param_name":"train_epochs","param_value_internal":13.0,"distribution":"{\"name\": \"IntDistribution\", \"attributes\": {\"log\": false, \"step\": 1, \"low\": 10, \"high\": 30}}"}
{"op_code":5,"worker_id":"460f6ee0-31dd-41d0-a543-bda5258f6ee9-8038699008","trial_id":32,"param_name":"hidden_size","param_value_internal":75.0,"distribution":"{\"name\": \"IntDistribution\", \"attributes\": {\"log\": false, \"step\": 1, \"low\": 10, \"high\": 100}}"}
{"op_code":5,"worker_id":"460f6ee0-31dd-41d0-a543-bda5258f6ee9-8038699008","trial_id":32,"param_name":"dropout","param_value_internal":0.06978966400939363,"distribution":"{\"name\": \"FloatDistribution\", \"attributes\": {\"step\": null, \"low\": 0.0, \"high\": 0.8, \"log\": false}}"}
{"op_code":6,"worker_id":"98da074b-f233-48d0-9688-6de0736e3e19-8038699008","trial_id":31,"state":1,"values":[0.04230074272666759],"datetime_complete":"2024-10-16T12:17:04.581825"}
{"op_code":4,"worker_id":"98da074b-f233-48d0-9688-6de0736e3e19-8038699008","study_id":0,"datetime_start":"2024-10-16T12:17:04.582885"}
{"op_code":5,"worker_id":"98da074b-f233-48d0-9688-6de0736e3e19-8038699008","trial_id":33,"param_name":"train_epochs","param_value_internal":10.0,"distribution":"{\"name\": \"IntDistribution\", \"attributes\": {\"log\": false, \"step\": 1, \"low\": 10, \"high\": 30}}"}
{"op_code":5,"worker_id":"98da074b-f233-48d0-9688-6de0736e3e19-8038699008","trial_id":33,"param_name":"hidden_size","param_value_internal":89.0,"distribution":"{\"name\": \"IntDistribution\", \"attributes\": {\"log\": false, \"step\": 1, \"low\": 10, \"high\": 100}}"}
{"op_code":5,"worker_id":"98da074b-f233-48d0-9688-6de0736e3e19-8038699008","trial_id":33,"param_name":"dropout","param_value_internal":0.05482568074401422,"distribution":"{\"name\": \"FloatDistribution\", \"attributes\": {\"step\": null, \"low\": 0.0, \"high\": 0.8, \"log\": false}}"}
{"op_code":6,"worker_id":"98da074b-f233-48d0-9688-6de0736e3e19-8038699008","trial_id":33,"state":1,"values":[0.041173334250156325],"datetime_complete":"2024-10-16T12:17:35.705600"}
{"op_code":4,"worker_id":"98da074b-f233-48d0-9688-6de0736e3e19-8038699008","study_id":0,"datetime_start":"2024-10-16T12:17:35.706715"}
{"op_code":5,"worker_id":"98da074b-f233-48d0-9688-6de0736e3e19-8038699008","trial_id":34,"param_name":"train_epochs","param_value_internal":15.0,"distribution":"{\"name\": \"IntDistribution\", \"attributes\": {\"log\": false, \"step\": 1, \"low\": 10, \"high\": 30}}"}
{"op_code":5,"worker_id":"98da074b-f233-48d0-9688-6de0736e3e19-8038699008","trial_id":34,"param_name":"hidden_size","param_value_internal":78.0,"distribution":"{\"name\": \"IntDistribution\", \"attributes\": {\"log\": false, \"step\": 1, \"low\": 10, \"high\": 100}}"}
{"op_code":5,"worker_id":"98da074b-f233-48d0-9688-6de0736e3e19-8038699008","trial_id":34,"param_name":"dropout","param_value_internal":0.08777419195283376,"distribution":"{\"name\": \"FloatDistribution\", \"attributes\": {\"step\": null, \"low\": 0.0, \"high\": 0.8, \"log\": false}}"}
{"op_code":6,"worker_id":"460f6ee0-31dd-41d0-a543-bda5258f6ee9-8038699008","trial_id":32,"state":1,"values":[0.012713311092031873],"datetime_complete":"2024-10-16T12:17:37.590432"}
{"op_code":4,"worker_id":"460f6ee0-31dd-41d0-a543-bda5258f6ee9-8038699008","study_id":0,"datetime_start":"2024-10-16T12:17:37.591521"}
{"op_code":5,"worker_id":"460f6ee0-31dd-41d0-a543-bda5258f6ee9-8038699008","trial_id":35,"param_name":"train_epochs","param_value_internal":15.0,"distribution":"{\"name\": \"IntDistribution\", \"attributes\": {\"log\": false, \"step\": 1, \"low\": 10, \"high\": 30}}"}
{"op_code":5,"worker_id":"460f6ee0-31dd-41d0-a543-bda5258f6ee9-8038699008","trial_id":35,"param_name":"hidden_size","param_value_internal":77.0,"distribution":"{\"name\": \"IntDistribution\", \"attributes\": {\"log\": false, \"step\": 1, \"low\": 10, \"high\": 100}}"}
{"op_code":5,"worker_id":"460f6ee0-31dd-41d0-a543-bda5258f6ee9-8038699008","trial_id":35,"param_name":"dropout","param_value_internal":0.09210836354157564,"distribution":"{\"name\": \"FloatDistribution\", \"attributes\": {\"step\": null, \"low\": 0.0, \"high\": 0.8, \"log\": false}}"}
{"op_code":6,"worker_id":"98da074b-f233-48d0-9688-6de0736e3e19-8038699008","trial_id":34,"state":1,"values":[0.009797431907686845],"datetime_complete":"2024-10-16T12:18:22.492135"}
{"op_code":4,"worker_id":"98da074b-f233-48d0-9688-6de0736e3e19-8038699008","study_id":0,"datetime_start":"2024-10-16T12:18:22.493240"}
{"op_code":5,"worker_id":"98da074b-f233-48d0-9688-6de0736e3e19-8038699008","trial_id":36,"param_name":"train_epochs","param_value_internal":16.0,"distribution":"{\"name\": \"IntDistribution\", \"attributes\": {\"log\": false, \"step\": 1, \"low\": 10, \"high\": 30}}"}
{"op_code":5,"worker_id":"98da074b-f233-48d0-9688-6de0736e3e19-8038699008","trial_id":36,"param_name":"hidden_size","param_value_internal":100.0,"distribution":"{\"name\": \"IntDistribution\", \"attributes\": {\"log\": false, \"step\": 1, \"low\": 10, \"high\": 100}}"}
{"op_code":5,"worker_id":"98da074b-f233-48d0-9688-6de0736e3e19-8038699008","trial_id":36,"param_name":"dropout","param_value_internal":0.11404477992970799,"distribution":"{\"name\": \"FloatDistribution\", \"attributes\": {\"step\": null, \"low\": 0.0, \"high\": 0.8, \"log\": false}}"}
{"op_code":6,"worker_id":"460f6ee0-31dd-41d0-a543-bda5258f6ee9-8038699008","trial_id":35,"state":1,"values":[0.009752191580559637],"datetime_complete":"2024-10-16T12:18:24.313598"}
{"op_code":4,"worker_id":"460f6ee0-31dd-41d0-a543-bda5258f6ee9-8038699008","study_id":0,"datetime_start":"2024-10-16T12:18:24.314695"}
{"op_code":5,"worker_id":"460f6ee0-31dd-41d0-a543-bda5258f6ee9-8038699008","trial_id":37,"param_name":"train_epochs","param_value_internal":16.0,"distribution":"{\"name\": \"IntDistribution\", \"attributes\": {\"log\": false, \"step\": 1, \"low\": 10, \"high\": 30}}"}
{"op_code":5,"worker_id":"460f6ee0-31dd-41d0-a543-bda5258f6ee9-8038699008","trial_id":37,"param_name":"hidden_size","param_value_internal":80.0,"distribution":"{\"name\": \"IntDistribution\", \"attributes\": {\"log\": false, \"step\": 1, \"low\": 10, \"high\": 100}}"}
{"op_code":5,"worker_id":"460f6ee0-31dd-41d0-a543-bda5258f6ee9-8038699008","trial_id":37,"param_name":"dropout","param_value_internal":0.10327527716642815,"distribution":"{\"name\": \"FloatDistribution\", \"attributes\": {\"step\": null, \"low\": 0.0, \"high\": 0.8, \"log\": false}}"}
{"op_code":6,"worker_id":"98da074b-f233-48d0-9688-6de0736e3e19-8038699008","trial_id":36,"state":1,"values":[0.04041286191336354],"datetime_complete":"2024-10-16T12:19:11.765370"}
{"op_code":4,"worker_id":"98da074b-f233-48d0-9688-6de0736e3e19-8038699008","study_id":0,"datetime_start":"2024-10-16T12:19:11.766455"}
{"op_code":5,"worker_id":"98da074b-f233-48d0-9688-6de0736e3e19-8038699008","trial_id":38,"param_name":"train_epochs","param_value_internal":16.0,"distribution":"{\"name\": \"IntDistribution\", \"attributes\": {\"log\": false, \"step\": 1, \"low\": 10, \"high\": 30}}"}
{"op_code":5,"worker_id":"98da074b-f233-48d0-9688-6de0736e3e19-8038699008","trial_id":38,"param_name":"hidden_size","param_value_internal":79.0,"distribution":"{\"name\": \"IntDistribution\", \"attributes\": {\"log\": false, \"step\": 1, \"low\": 10, \"high\": 100}}"}
{"op_code":5,"worker_id":"98da074b-f233-48d0-9688-6de0736e3e19-8038699008","trial_id":38,"param_name":"dropout","param_value_internal":0.07669624477625955,"distribution":"{\"name\": \"FloatDistribution\", \"attributes\": {\"step\": null, \"low\": 0.0, \"high\": 0.8, \"log\": false}}"}
{"op_code":6,"worker_id":"460f6ee0-31dd-41d0-a543-bda5258f6ee9-8038699008","trial_id":37,"state":1,"values":[0.010781035523088473],"datetime_complete":"2024-10-16T12:19:13.596996"}
{"op_code":4,"worker_id":"460f6ee0-31dd-41d0-a543-bda5258f6ee9-8038699008","study_id":0,"datetime_start":"2024-10-16T12:19:13.598217"}
{"op_code":5,"worker_id":"460f6ee0-31dd-41d0-a543-bda5258f6ee9-8038699008","trial_id":39,"param_name":"train_epochs","param_value_internal":16.0,"distribution":"{\"name\": \"IntDistribution\", \"attributes\": {\"log\": false, \"step\": 1, \"low\": 10, \"high\": 30}}"}
{"op_code":5,"worker_id":"460f6ee0-31dd-41d0-a543-bda5258f6ee9-8038699008","trial_id":39,"param_name":"hidden_size","param_value_internal":79.0,"distribution":"{\"name\": \"IntDistribution\", \"attributes\": {\"log\": false, \"step\": 1, \"low\": 10, \"high\": 100}}"}
{"op_code":5,"worker_id":"460f6ee0-31dd-41d0-a543-bda5258f6ee9-8038699008","trial_id":39,"param_name":"dropout","param_value_internal":0.1498082100403641,"distribution":"{\"name\": \"FloatDistribution\", \"attributes\": {\"step\": null, \"low\": 0.0, \"high\": 0.8, \"log\": false}}"}
{"op_code":6,"worker_id":"98da074b-f233-48d0-9688-6de0736e3e19-8038699008","trial_id":38,"state":1,"values":[0.15667498296583598],"datetime_complete":"2024-10-16T12:20:01.787703"}
{"op_code":4,"worker_id":"98da074b-f233-48d0-9688-6de0736e3e19-8038699008","study_id":0,"datetime_start":"2024-10-16T12:20:01.788788"}
{"op_code":5,"worker_id":"98da074b-f233-48d0-9688-6de0736e3e19-8038699008","trial_id":40,"param_name":"train_epochs","param_value_internal":18.0,"distribution":"{\"name\": \"IntDistribution\", \"attributes\": {\"log\": false, \"step\": 1, \"low\": 10, \"high\": 30}}"}
{"op_code":5,"worker_id":"98da074b-f233-48d0-9688-6de0736e3e19-8038699008","trial_id":40,"param_name":"hidden_size","param_value_internal":67.0,"distribution":"{\"name\": \"IntDistribution\", \"attributes\": {\"log\": false, \"step\": 1, \"low\": 10, \"high\": 100}}"}
{"op_code":5,"worker_id":"98da074b-f233-48d0-9688-6de0736e3e19-8038699008","trial_id":40,"param_name":"dropout","param_value_internal":0.1574975261368407,"distribution":"{\"name\": \"FloatDistribution\", \"attributes\": {\"step\": null, \"low\": 0.0, \"high\": 0.8, \"log\": false}}"}
{"op_code":6,"worker_id":"460f6ee0-31dd-41d0-a543-bda5258f6ee9-8038699008","trial_id":39,"state":1,"values":[0.012364693403788754],"datetime_complete":"2024-10-16T12:20:03.543890"}
{"op_code":4,"worker_id":"460f6ee0-31dd-41d0-a543-bda5258f6ee9-8038699008","study_id":0,"datetime_start":"2024-10-16T12:20:03.544843"}
{"op_code":5,"worker_id":"460f6ee0-31dd-41d0-a543-bda5258f6ee9-8038699008","trial_id":41,"param_name":"train_epochs","param_value_internal":18.0,"distribution":"{\"name\": \"IntDistribution\", \"attributes\": {\"log\": false, \"step\": 1, \"low\": 10, \"high\": 30}}"}
{"op_code":5,"worker_id":"460f6ee0-31dd-41d0-a543-bda5258f6ee9-8038699008","trial_id":41,"param_name":"hidden_size","param_value_internal":68.0,"distribution":"{\"name\": \"IntDistribution\", \"attributes\": {\"log\": false, \"step\": 1, \"low\": 10, \"high\": 100}}"}
{"op_code":5,"worker_id":"460f6ee0-31dd-41d0-a543-bda5258f6ee9-8038699008","trial_id":41,"param_name":"dropout","param_value_internal":0.16051307090171138,"distribution":"{\"name\": \"FloatDistribution\", \"attributes\": {\"step\": null, \"low\": 0.0, \"high\": 0.8, \"log\": false}}"}
{"op_code":6,"worker_id":"98da074b-f233-48d0-9688-6de0736e3e19-8038699008","trial_id":40,"state":1,"values":[0.319996670025559],"datetime_complete":"2024-10-16T12:20:55.252842"}
{"op_code":4,"worker_id":"98da074b-f233-48d0-9688-6de0736e3e19-8038699008","study_id":0,"datetime_start":"2024-10-16T12:20:55.253964"}
{"op_code":5,"worker_id":"98da074b-f233-48d0-9688-6de0736e3e19-8038699008","trial_id":42,"param_name":"train_epochs","param_value_internal":15.0,"distribution":"{\"name\": \"IntDistribution\", \"attributes\": {\"log\": false, \"step\": 1, \"low\": 10, \"high\": 30}}"}
{"op_code":5,"worker_id":"98da074b-f233-48d0-9688-6de0736e3e19-8038699008","trial_id":42,"param_name":"hidden_size","param_value_internal":89.0,"distribution":"{\"name\": \"IntDistribution\", \"attributes\": {\"log\": false, \"step\": 1, \"low\": 10, \"high\": 100}}"}
{"op_code":5,"worker_id":"98da074b-f233-48d0-9688-6de0736e3e19-8038699008","trial_id":42,"param_name":"dropout","param_value_internal":0.10309251261303604,"distribution":"{\"name\": \"FloatDistribution\", \"attributes\": {\"step\": null, \"low\": 0.0, \"high\": 0.8, \"log\": false}}"}
{"op_code":6,"worker_id":"460f6ee0-31dd-41d0-a543-bda5258f6ee9-8038699008","trial_id":41,"state":1,"values":[0.0268006298225373],"datetime_complete":"2024-10-16T12:20:56.851336"}
{"op_code":4,"worker_id":"460f6ee0-31dd-41d0-a543-bda5258f6ee9-8038699008","study_id":0,"datetime_start":"2024-10-16T12:20:56.852429"}
{"op_code":5,"worker_id":"460f6ee0-31dd-41d0-a543-bda5258f6ee9-8038699008","trial_id":43,"param_name":"train_epochs","param_value_internal":16.0,"distribution":"{\"name\": \"IntDistribution\", \"attributes\": {\"log\": false, \"step\": 1, \"low\": 10, \"high\": 30}}"}
{"op_code":5,"worker_id":"460f6ee0-31dd-41d0-a543-bda5258f6ee9-8038699008","trial_id":43,"param_name":"hidden_size","param_value_internal":90.0,"distribution":"{\"name\": \"IntDistribution\", \"attributes\": {\"log\": false, \"step\": 1, \"low\": 10, \"high\": 100}}"}
{"op_code":5,"worker_id":"460f6ee0-31dd-41d0-a543-bda5258f6ee9-8038699008","trial_id":43,"param_name":"dropout","param_value_internal":0.10616792741393277,"distribution":"{\"name\": \"FloatDistribution\", \"attributes\": {\"step\": null, \"low\": 0.0, \"high\": 0.8, \"log\": false}}"}
{"op_code":6,"worker_id":"98da074b-f233-48d0-9688-6de0736e3e19-8038699008","trial_id":42,"state":1,"values":[0.015363221381843652],"datetime_complete":"2024-10-16T12:21:40.615229"}
{"op_code":4,"worker_id":"98da074b-f233-48d0-9688-6de0736e3e19-8038699008","study_id":0,"datetime_start":"2024-10-16T12:21:40.616353"}
{"op_code":5,"worker_id":"98da074b-f233-48d0-9688-6de0736e3e19-8038699008","trial_id":44,"param_name":"train_epochs","param_value_internal":12.0,"distribution":"{\"name\": \"IntDistribution\", \"attributes\": {\"log\": false, \"step\": 1, \"low\": 10, \"high\": 30}}"}
{"op_code":5,"worker_id":"98da074b-f233-48d0-9688-6de0736e3e19-8038699008","trial_id":44,"param_name":"hidden_size","param_value_internal":81.0,"distribution":"{\"name\": \"IntDistribution\", \"attributes\": {\"log\": false, \"step\": 1, \"low\": 10, \"high\": 100}}"}
{"op_code":5,"worker_id":"98da074b-f233-48d0-9688-6de0736e3e19-8038699008","trial_id":44,"param_name":"dropout","param_value_internal":0.03615598114542138,"distribution":"{\"name\": \"FloatDistribution\", \"attributes\": {\"step\": null, \"low\": 0.0, \"high\": 0.8, \"log\": false}}"}
{"op_code":6,"worker_id":"460f6ee0-31dd-41d0-a543-bda5258f6ee9-8038699008","trial_id":43,"state":1,"values":[0.05068669255893186],"datetime_complete":"2024-10-16T12:21:45.252877"}
{"op_code":4,"worker_id":"460f6ee0-31dd-41d0-a543-bda5258f6ee9-8038699008","study_id":0,"datetime_start":"2024-10-16T12:21:45.253948"}
{"op_code":5,"worker_id":"460f6ee0-31dd-41d0-a543-bda5258f6ee9-8038699008","trial_id":45,"param_name":"train_epochs","param_value_internal":12.0,"distribution":"{\"name\": \"IntDistribution\", \"attributes\": {\"log\": false, \"step\": 1, \"low\": 10, \"high\": 30}}"}
{"op_code":5,"worker_id":"460f6ee0-31dd-41d0-a543-bda5258f6ee9-8038699008","trial_id":45,"param_name":"hidden_size","param_value_internal":79.0,"distribution":"{\"name\": \"IntDistribution\", \"attributes\": {\"log\": false, \"step\": 1, \"low\": 10, \"high\": 100}}"}
{"op_code":5,"worker_id":"460f6ee0-31dd-41d0-a543-bda5258f6ee9-8038699008","trial_id":45,"param_name":"dropout","param_value_internal":0.017341381459411616,"distribution":"{\"name\": \"FloatDistribution\", \"attributes\": {\"step\": null, \"low\": 0.0, \"high\": 0.8, \"log\": false}}"}
{"op_code":6,"worker_id":"98da074b-f233-48d0-9688-6de0736e3e19-8038699008","trial_id":44,"state":1,"values":[0.012467864786169298],"datetime_complete":"2024-10-16T12:22:17.045470"}
{"op_code":4,"worker_id":"98da074b-f233-48d0-9688-6de0736e3e19-8038699008","study_id":0,"datetime_start":"2024-10-16T12:22:17.046628"}
{"op_code":5,"worker_id":"98da074b-f233-48d0-9688-6de0736e3e19-8038699008","trial_id":46,"param_name":"train_epochs","param_value_internal":15.0,"distribution":"{\"name\": \"IntDistribution\", \"attributes\": {\"log\": false, \"step\": 1, \"low\": 10, \"high\": 30}}"}
{"op_code":5,"worker_id":"98da074b-f233-48d0-9688-6de0736e3e19-8038699008","trial_id":46,"param_name":"hidden_size","param_value_internal":71.0,"distribution":"{\"name\": \"IntDistribution\", \"attributes\": {\"log\": false, \"step\": 1, \"low\": 10, \"high\": 100}}"}
{"op_code":5,"worker_id":"98da074b-f233-48d0-9688-6de0736e3e19-8038699008","trial_id":46,"param_name":"dropout","param_value_internal":0.21867226118661579,"distribution":"{\"name\": \"FloatDistribution\", \"attributes\": {\"step\": null, \"low\": 0.0, \"high\": 0.8, \"log\": false}}"}
{"op_code":6,"worker_id":"460f6ee0-31dd-41d0-a543-bda5258f6ee9-8038699008","trial_id":45,"state":1,"values":[0.04804676099249847],"datetime_complete":"2024-10-16T12:22:21.065617"}
{"op_code":4,"worker_id":"460f6ee0-31dd-41d0-a543-bda5258f6ee9-8038699008","study_id":0,"datetime_start":"2024-10-16T12:22:21.066756"}
{"op_code":5,"worker_id":"460f6ee0-31dd-41d0-a543-bda5258f6ee9-8038699008","trial_id":47,"param_name":"train_epochs","param_value_internal":15.0,"distribution":"{\"name\": \"IntDistribution\", \"attributes\": {\"log\": false, \"step\": 1, \"low\": 10, \"high\": 30}}"}
{"op_code":5,"worker_id":"460f6ee0-31dd-41d0-a543-bda5258f6ee9-8038699008","trial_id":47,"param_name":"hidden_size","param_value_internal":71.0,"distribution":"{\"name\": \"IntDistribution\", \"attributes\": {\"log\": false, \"step\": 1, \"low\": 10, \"high\": 100}}"}
{"op_code":5,"worker_id":"460f6ee0-31dd-41d0-a543-bda5258f6ee9-8038699008","trial_id":47,"param_name":"dropout","param_value_internal":0.22811977810011183,"distribution":"{\"name\": \"FloatDistribution\", \"attributes\": {\"step\": null, \"low\": 0.0, \"high\": 0.8, \"log\": false}}"}
{"op_code":6,"worker_id":"98da074b-f233-48d0-9688-6de0736e3e19-8038699008","trial_id":46,"state":1,"values":[0.014217581971601214],"datetime_complete":"2024-10-16T12:23:02.131122"}
{"op_code":4,"worker_id":"98da074b-f233-48d0-9688-6de0736e3e19-8038699008","study_id":0,"datetime_start":"2024-10-16T12:23:02.132736"}
{"op_code":5,"worker_id":"98da074b-f233-48d0-9688-6de0736e3e19-8038699008","trial_id":48,"param_name":"train_epochs","param_value_internal":17.0,"distribution":"{\"name\": \"IntDistribution\", \"attributes\": {\"log\": false, \"step\": 1, \"low\": 10, \"high\": 30}}"}
{"op_code":5,"worker_id":"98da074b-f233-48d0-9688-6de0736e3e19-8038699008","trial_id":48,"param_name":"hidden_size","param_value_internal":64.0,"distribution":"{\"name\": \"IntDistribution\", \"attributes\": {\"log\": false, \"step\": 1, \"low\": 10, \"high\": 100}}"}
{"op_code":5,"worker_id":"98da074b-f233-48d0-9688-6de0736e3e19-8038699008","trial_id":48,"param_name":"dropout","param_value_internal":0.516747920519231,"distribution":"{\"name\": \"FloatDistribution\", \"attributes\": {\"step\": null, \"low\": 0.0, \"high\": 0.8, \"log\": false}}"}
{"op_code":6,"worker_id":"460f6ee0-31dd-41d0-a543-bda5258f6ee9-8038699008","trial_id":47,"state":1,"values":[0.09663837092383852],"datetime_complete":"2024-10-16T12:23:06.262590"}
{"op_code":4,"worker_id":"460f6ee0-31dd-41d0-a543-bda5258f6ee9-8038699008","study_id":0,"datetime_start":"2024-10-16T12:23:06.263719"}
{"op_code":5,"worker_id":"460f6ee0-31dd-41d0-a543-bda5258f6ee9-8038699008","trial_id":49,"param_name":"train_epochs","param_value_internal":17.0,"distribution":"{\"name\": \"IntDistribution\", \"attributes\": {\"log\": false, \"step\": 1, \"low\": 10, \"high\": 30}}"}
{"op_code":5,"worker_id":"460f6ee0-31dd-41d0-a543-bda5258f6ee9-8038699008","trial_id":49,"param_name":"hidden_size","param_value_internal":64.0,"distribution":"{\"name\": \"IntDistribution\", \"attributes\": {\"log\": false, \"step\": 1, \"low\": 10, \"high\": 100}}"}
{"op_code":5,"worker_id":"460f6ee0-31dd-41d0-a543-bda5258f6ee9-8038699008","trial_id":49,"param_name":"dropout","param_value_internal":0.2858481548745042,"distribution":"{\"name\": \"FloatDistribution\", \"attributes\": {\"step\": null, \"low\": 0.0, \"high\": 0.8, \"log\": false}}"}
{"op_code":6,"worker_id":"98da074b-f233-48d0-9688-6de0736e3e19-8038699008","trial_id":48,"state":1,"values":[0.07900641322935457],"datetime_complete":"2024-10-16T12:23:52.877006"}
{"op_code":4,"worker_id":"98da074b-f233-48d0-9688-6de0736e3e19-8038699008","study_id":0,"datetime_start":"2024-10-16T12:23:52.878061"}
{"op_code":5,"worker_id":"98da074b-f233-48d0-9688-6de0736e3e19-8038699008","trial_id":50,"param_name":"train_epochs","param_value_internal":21.0,"distribution":"{\"name\": \"IntDistribution\", \"attributes\": {\"log\": false, \"step\": 1, \"low\": 10, \"high\": 30}}"}
{"op_code":5,"worker_id":"98da074b-f233-48d0-9688-6de0736e3e19-8038699008","trial_id":50,"param_name":"hidden_size","param_value_internal":84.0,"distribution":"{\"name\": \"IntDistribution\", \"attributes\": {\"log\": false, \"step\": 1, \"low\": 10, \"high\": 100}}"}
{"op_code":5,"worker_id":"98da074b-f233-48d0-9688-6de0736e3e19-8038699008","trial_id":50,"param_name":"dropout","param_value_internal":0.283347171615201,"distribution":"{\"name\": \"FloatDistribution\", \"attributes\": {\"step\": null, \"low\": 0.0, \"high\": 0.8, \"log\": false}}"}
{"op_code":6,"worker_id":"460f6ee0-31dd-41d0-a543-bda5258f6ee9-8038699008","trial_id":49,"state":1,"values":[0.0257553264270273],"datetime_complete":"2024-10-16T12:23:57.083493"}
{"op_code":4,"worker_id":"460f6ee0-31dd-41d0-a543-bda5258f6ee9-8038699008","study_id":0,"datetime_start":"2024-10-16T12:23:57.084596"}
{"op_code":5,"worker_id":"460f6ee0-31dd-41d0-a543-bda5258f6ee9-8038699008","trial_id":51,"param_name":"train_epochs","param_value_internal":20.0,"distribution":"{\"name\": \"IntDistribution\", \"attributes\": {\"log\": false, \"step\": 1, \"low\": 10, \"high\": 30}}"}
{"op_code":5,"worker_id":"460f6ee0-31dd-41d0-a543-bda5258f6ee9-8038699008","trial_id":51,"param_name":"hidden_size","param_value_internal":85.0,"distribution":"{\"name\": \"IntDistribution\", \"attributes\": {\"log\": false, \"step\": 1, \"low\": 10, \"high\": 100}}"}
{"op_code":5,"worker_id":"460f6ee0-31dd-41d0-a543-bda5258f6ee9-8038699008","trial_id":51,"param_name":"dropout","param_value_internal":0.1742462986005701,"distribution":"{\"name\": \"FloatDistribution\", \"attributes\": {\"step\": null, \"low\": 0.0, \"high\": 0.8, \"log\": false}}"}
{"op_code":6,"worker_id":"98da074b-f233-48d0-9688-6de0736e3e19-8038699008","trial_id":50,"state":1,"values":[0.0349754128271257],"datetime_complete":"2024-10-16T12:24:55.269288"}
{"op_code":4,"worker_id":"98da074b-f233-48d0-9688-6de0736e3e19-8038699008","study_id":0,"datetime_start":"2024-10-16T12:24:55.270414"}
{"op_code":5,"worker_id":"98da074b-f233-48d0-9688-6de0736e3e19-8038699008","trial_id":52,"param_name":"train_epochs","param_value_internal":12.0,"distribution":"{\"name\": \"IntDistribution\", \"attributes\": {\"log\": false, \"step\": 1, \"low\": 10, \"high\": 30}}"}
{"op_code":5,"worker_id":"98da074b-f233-48d0-9688-6de0736e3e19-8038699008","trial_id":52,"param_name":"hidden_size","param_value_internal":79.0,"distribution":"{\"name\": \"IntDistribution\", \"attributes\": {\"log\": false, \"step\": 1, \"low\": 10, \"high\": 100}}"}
{"op_code":5,"worker_id":"98da074b-f233-48d0-9688-6de0736e3e19-8038699008","trial_id":52,"param_name":"dropout","param_value_internal":0.03925980280757813,"distribution":"{\"name\": \"FloatDistribution\", \"attributes\": {\"step\": null, \"low\": 0.0, \"high\": 0.8, \"log\": false}}"}
{"op_code":6,"worker_id":"460f6ee0-31dd-41d0-a543-bda5258f6ee9-8038699008","trial_id":51,"state":1,"values":[0.044164056237787006],"datetime_complete":"2024-10-16T12:24:56.147380"}
{"op_code":4,"worker_id":"460f6ee0-31dd-41d0-a543-bda5258f6ee9-8038699008","study_id":0,"datetime_start":"2024-10-16T12:24:56.148473"}
{"op_code":5,"worker_id":"460f6ee0-31dd-41d0-a543-bda5258f6ee9-8038699008","trial_id":53,"param_name":"train_epochs","param_value_internal":12.0,"distribution":"{\"name\": \"IntDistribution\", \"attributes\": {\"log\": false, \"step\": 1, \"low\": 10, \"high\": 30}}"}
{"op_code":5,"worker_id":"460f6ee0-31dd-41d0-a543-bda5258f6ee9-8038699008","trial_id":53,"param_name":"hidden_size","param_value_internal":80.0,"distribution":"{\"name\": \"IntDistribution\", \"attributes\": {\"log\": false, \"step\": 1, \"low\": 10, \"high\": 100}}"}
{"op_code":5,"worker_id":"460f6ee0-31dd-41d0-a543-bda5258f6ee9-8038699008","trial_id":53,"param_name":"dropout","param_value_internal":0.03299234272378024,"distribution":"{\"name\": \"FloatDistribution\", \"attributes\": {\"step\": null, \"low\": 0.0, \"high\": 0.8, \"log\": false}}"}
{"op_code":6,"worker_id":"98da074b-f233-48d0-9688-6de0736e3e19-8038699008","trial_id":52,"state":1,"values":[0.025399091853848043],"datetime_complete":"2024-10-16T12:25:31.110924"}
{"op_code":4,"worker_id":"98da074b-f233-48d0-9688-6de0736e3e19-8038699008","study_id":0,"datetime_start":"2024-10-16T12:25:31.112035"}
{"op_code":5,"worker_id":"98da074b-f233-48d0-9688-6de0736e3e19-8038699008","trial_id":54,"param_name":"train_epochs","param_value_internal":11.0,"distribution":"{\"name\": \"IntDistribution\", \"attributes\": {\"log\": false, \"step\": 1, \"low\": 10, \"high\": 30}}"}
{"op_code":5,"worker_id":"98da074b-f233-48d0-9688-6de0736e3e19-8038699008","trial_id":54,"param_name":"hidden_size","param_value_internal":92.0,"distribution":"{\"name\": \"IntDistribution\", \"attributes\": {\"log\": false, \"step\": 1, \"low\": 10, \"high\": 100}}"}
{"op_code":5,"worker_id":"98da074b-f233-48d0-9688-6de0736e3e19-8038699008","trial_id":54,"param_name":"dropout","param_value_internal":0.00029782119125202483,"distribution":"{\"name\": \"FloatDistribution\", \"attributes\": {\"step\": null, \"low\": 0.0, \"high\": 0.8, \"log\": false}}"}
{"op_code":6,"worker_id":"460f6ee0-31dd-41d0-a543-bda5258f6ee9-8038699008","trial_id":53,"state":1,"values":[0.16577630599451093],"datetime_complete":"2024-10-16T12:25:31.890202"}
{"op_code":4,"worker_id":"460f6ee0-31dd-41d0-a543-bda5258f6ee9-8038699008","study_id":0,"datetime_start":"2024-10-16T12:25:31.891131"}
{"op_code":5,"worker_id":"460f6ee0-31dd-41d0-a543-bda5258f6ee9-8038699008","trial_id":55,"param_name":"train_epochs","param_value_internal":14.0,"distribution":"{\"name\": \"IntDistribution\", \"attributes\": {\"log\": false, \"step\": 1, \"low\": 10, \"high\": 30}}"}
{"op_code":5,"worker_id":"460f6ee0-31dd-41d0-a543-bda5258f6ee9-8038699008","trial_id":55,"param_name":"hidden_size","param_value_internal":94.0,"distribution":"{\"name\": \"IntDistribution\", \"attributes\": {\"log\": false, \"step\": 1, \"low\": 10, \"high\": 100}}"}
{"op_code":5,"worker_id":"460f6ee0-31dd-41d0-a543-bda5258f6ee9-8038699008","trial_id":55,"param_name":"dropout","param_value_internal":0.002224948685768058,"distribution":"{\"name\": \"FloatDistribution\", \"attributes\": {\"step\": null, \"low\": 0.0, \"high\": 0.8, \"log\": false}}"}
{"op_code":6,"worker_id":"98da074b-f233-48d0-9688-6de0736e3e19-8038699008","trial_id":54,"state":1,"values":[0.030627311400647433],"datetime_complete":"2024-10-16T12:26:04.990416"}
{"op_code":4,"worker_id":"98da074b-f233-48d0-9688-6de0736e3e19-8038699008","study_id":0,"datetime_start":"2024-10-16T12:26:04.991511"}
{"op_code":5,"worker_id":"98da074b-f233-48d0-9688-6de0736e3e19-8038699008","trial_id":56,"param_name":"train_epochs","param_value_internal":13.0,"distribution":"{\"name\": \"IntDistribution\", \"attributes\": {\"log\": false, \"step\": 1, \"low\": 10, \"high\": 30}}"}
{"op_code":5,"worker_id":"98da074b-f233-48d0-9688-6de0736e3e19-8038699008","trial_id":56,"param_name":"hidden_size","param_value_internal":55.0,"distribution":"{\"name\": \"IntDistribution\", \"attributes\": {\"log\": false, \"step\": 1, \"low\": 10, \"high\": 100}}"}
{"op_code":5,"worker_id":"98da074b-f233-48d0-9688-6de0736e3e19-8038699008","trial_id":56,"param_name":"dropout","param_value_internal":0.0862530437728439,"distribution":"{\"name\": \"FloatDistribution\", \"attributes\": {\"step\": null, \"low\": 0.0, \"high\": 0.8, \"log\": false}}"}
{"op_code":6,"worker_id":"460f6ee0-31dd-41d0-a543-bda5258f6ee9-8038699008","trial_id":55,"state":1,"values":[0.06038507390064451],"datetime_complete":"2024-10-16T12:26:14.444516"}
{"op_code":4,"worker_id":"460f6ee0-31dd-41d0-a543-bda5258f6ee9-8038699008","study_id":0,"datetime_start":"2024-10-16T12:26:14.445689"}
{"op_code":5,"worker_id":"460f6ee0-31dd-41d0-a543-bda5258f6ee9-8038699008","trial_id":57,"param_name":"train_epochs","param_value_internal":13.0,"distribution":"{\"name\": \"IntDistribution\", \"attributes\": {\"log\": false, \"step\": 1, \"low\": 10, \"high\": 30}}"}
{"op_code":5,"worker_id":"460f6ee0-31dd-41d0-a543-bda5258f6ee9-8038699008","trial_id":57,"param_name":"hidden_size","param_value_internal":52.0,"distribution":"{\"name\": \"IntDistribution\", \"attributes\": {\"log\": false, \"step\": 1, \"low\": 10, \"high\": 100}}"}
{"op_code":5,"worker_id":"460f6ee0-31dd-41d0-a543-bda5258f6ee9-8038699008","trial_id":57,"param_name":"dropout","param_value_internal":0.12420127934382373,"distribution":"{\"name\": \"FloatDistribution\", \"attributes\": {\"step\": null, \"low\": 0.0, \"high\": 0.8, \"log\": false}}"}
{"op_code":6,"worker_id":"98da074b-f233-48d0-9688-6de0736e3e19-8038699008","trial_id":56,"state":1,"values":[0.016922745325839816],"datetime_complete":"2024-10-16T12:26:43.379290"}
{"op_code":4,"worker_id":"98da074b-f233-48d0-9688-6de0736e3e19-8038699008","study_id":0,"datetime_start":"2024-10-16T12:26:43.380391"}
{"op_code":5,"worker_id":"98da074b-f233-48d0-9688-6de0736e3e19-8038699008","trial_id":58,"param_name":"train_epochs","param_value_internal":18.0,"distribution":"{\"name\": \"IntDistribution\", \"attributes\": {\"log\": false, \"step\": 1, \"low\": 10, \"high\": 30}}"}
{"op_code":5,"worker_id":"98da074b-f233-48d0-9688-6de0736e3e19-8038699008","trial_id":58,"param_name":"hidden_size","param_value_internal":87.0,"distribution":"{\"name\": \"IntDistribution\", \"attributes\": {\"log\": false, \"step\": 1, \"low\": 10, \"high\": 100}}"}
{"op_code":5,"worker_id":"98da074b-f233-48d0-9688-6de0736e3e19-8038699008","trial_id":58,"param_name":"dropout","param_value_internal":0.14361622744335056,"distribution":"{\"name\": \"FloatDistribution\", \"attributes\": {\"step\": null, \"low\": 0.0, \"high\": 0.8, \"log\": false}}"}
{"op_code":6,"worker_id":"460f6ee0-31dd-41d0-a543-bda5258f6ee9-8038699008","trial_id":57,"state":1,"values":[0.013955895843660845],"datetime_complete":"2024-10-16T12:26:52.551673"}
{"op_code":4,"worker_id":"460f6ee0-31dd-41d0-a543-bda5258f6ee9-8038699008","study_id":0,"datetime_start":"2024-10-16T12:26:52.552799"}
{"op_code":5,"worker_id":"460f6ee0-31dd-41d0-a543-bda5258f6ee9-8038699008","trial_id":59,"param_name":"train_epochs","param_value_internal":18.0,"distribution":"{\"name\": \"IntDistribution\", \"attributes\": {\"log\": false, \"step\": 1, \"low\": 10, \"high\": 30}}"}
{"op_code":5,"worker_id":"460f6ee0-31dd-41d0-a543-bda5258f6ee9-8038699008","trial_id":59,"param_name":"hidden_size","param_value_internal":82.0,"distribution":"{\"name\": \"IntDistribution\", \"attributes\": {\"log\": false, \"step\": 1, \"low\": 10, \"high\": 100}}"}
{"op_code":5,"worker_id":"460f6ee0-31dd-41d0-a543-bda5258f6ee9-8038699008","trial_id":59,"param_name":"dropout","param_value_internal":0.03874900436036206,"distribution":"{\"name\": \"FloatDistribution\", \"attributes\": {\"step\": null, \"low\": 0.0, \"high\": 0.8, \"log\": false}}"}
{"op_code":6,"worker_id":"98da074b-f233-48d0-9688-6de0736e3e19-8038699008","trial_id":58,"state":1,"values":[0.014086190712603055],"datetime_complete":"2024-10-16T12:27:37.728682"}
{"op_code":4,"worker_id":"98da074b-f233-48d0-9688-6de0736e3e19-8038699008","study_id":0,"datetime_start":"2024-10-16T12:27:37.729767"}
{"op_code":5,"worker_id":"98da074b-f233-48d0-9688-6de0736e3e19-8038699008","trial_id":60,"param_name":"train_epochs","param_value_internal":11.0,"distribution":"{\"name\": \"IntDistribution\", \"attributes\": {\"log\": false, \"step\": 1, \"low\": 10, \"high\": 30}}"}
{"op_code":5,"worker_id":"98da074b-f233-48d0-9688-6de0736e3e19-8038699008","trial_id":60,"param_name":"hidden_size","param_value_internal":82.0,"distribution":"{\"name\": \"IntDistribution\", \"attributes\": {\"log\": false, \"step\": 1, \"low\": 10, \"high\": 100}}"}
{"op_code":5,"worker_id":"98da074b-f233-48d0-9688-6de0736e3e19-8038699008","trial_id":60,"param_name":"dropout","param_value_internal":0.08549672202674329,"distribution":"{\"name\": \"FloatDistribution\", \"attributes\": {\"step\": null, \"low\": 0.0, \"high\": 0.8, \"log\": false}}"}
{"op_code":6,"worker_id":"460f6ee0-31dd-41d0-a543-bda5258f6ee9-8038699008","trial_id":59,"state":1,"values":[0.035419622592557716],"datetime_complete":"2024-10-16T12:27:46.441647"}
{"op_code":4,"worker_id":"460f6ee0-31dd-41d0-a543-bda5258f6ee9-8038699008","study_id":0,"datetime_start":"2024-10-16T12:27:46.442874"}
{"op_code":5,"worker_id":"460f6ee0-31dd-41d0-a543-bda5258f6ee9-8038699008","trial_id":61,"param_name":"train_epochs","param_value_internal":15.0,"distribution":"{\"name\": \"IntDistribution\", \"attributes\": {\"log\": false, \"step\": 1, \"low\": 10, \"high\": 30}}"}
{"op_code":5,"worker_id":"460f6ee0-31dd-41d0-a543-bda5258f6ee9-8038699008","trial_id":61,"param_name":"hidden_size","param_value_internal":10.0,"distribution":"{\"name\": \"IntDistribution\", \"attributes\": {\"log\": false, \"step\": 1, \"low\": 10, \"high\": 100}}"}
{"op_code":5,"worker_id":"460f6ee0-31dd-41d0-a543-bda5258f6ee9-8038699008","trial_id":61,"param_name":"dropout","param_value_internal":0.19461112823305496,"distribution":"{\"name\": \"FloatDistribution\", \"attributes\": {\"step\": null, \"low\": 0.0, \"high\": 0.8, \"log\": false}}"}
{"op_code":6,"worker_id":"98da074b-f233-48d0-9688-6de0736e3e19-8038699008","trial_id":60,"state":1,"values":[0.02766960827581022],"datetime_complete":"2024-10-16T12:28:10.805678"}
{"op_code":4,"worker_id":"98da074b-f233-48d0-9688-6de0736e3e19-8038699008","study_id":0,"datetime_start":"2024-10-16T12:28:10.806798"}
{"op_code":5,"worker_id":"98da074b-f233-48d0-9688-6de0736e3e19-8038699008","trial_id":62,"param_name":"train_epochs","param_value_internal":15.0,"distribution":"{\"name\": \"IntDistribution\", \"attributes\": {\"log\": false, \"step\": 1, \"low\": 10, \"high\": 30}}"}
{"op_code":5,"worker_id":"98da074b-f233-48d0-9688-6de0736e3e19-8038699008","trial_id":62,"param_name":"hidden_size","param_value_internal":76.0,"distribution":"{\"name\": \"IntDistribution\", \"attributes\": {\"log\": false, \"step\": 1, \"low\": 10, \"high\": 100}}"}
{"op_code":5,"worker_id":"98da074b-f233-48d0-9688-6de0736e3e19-8038699008","trial_id":62,"param_name":"dropout","param_value_internal":0.06841484578399828,"distribution":"{\"name\": \"FloatDistribution\", \"attributes\": {\"step\": null, \"low\": 0.0, \"high\": 0.8, \"log\": false}}"}
{"op_code":6,"worker_id":"460f6ee0-31dd-41d0-a543-bda5258f6ee9-8038699008","trial_id":61,"state":1,"values":[0.09445825768019653],"datetime_complete":"2024-10-16T12:28:29.680274"}
{"op_code":4,"worker_id":"460f6ee0-31dd-41d0-a543-bda5258f6ee9-8038699008","study_id":0,"datetime_start":"2024-10-16T12:28:29.681894"}
{"op_code":5,"worker_id":"460f6ee0-31dd-41d0-a543-bda5258f6ee9-8038699008","trial_id":63,"param_name":"train_epochs","param_value_internal":13.0,"distribution":"{\"name\": \"IntDistribution\", \"attributes\": {\"log\": false, \"step\": 1, \"low\": 10, \"high\": 30}}"}
{"op_code":5,"worker_id":"460f6ee0-31dd-41d0-a543-bda5258f6ee9-8038699008","trial_id":63,"param_name":"hidden_size","param_value_internal":77.0,"distribution":"{\"name\": \"IntDistribution\", \"attributes\": {\"log\": false, \"step\": 1, \"low\": 10, \"high\": 100}}"}
{"op_code":5,"worker_id":"460f6ee0-31dd-41d0-a543-bda5258f6ee9-8038699008","trial_id":63,"param_name":"dropout","param_value_internal":0.0684249650435553,"distribution":"{\"name\": \"FloatDistribution\", \"attributes\": {\"step\": null, \"low\": 0.0, \"high\": 0.8, \"log\": false}}"}
{"op_code":6,"worker_id":"98da074b-f233-48d0-9688-6de0736e3e19-8038699008","trial_id":62,"state":1,"values":[0.012471886374658184],"datetime_complete":"2024-10-16T12:28:55.834333"}
{"op_code":4,"worker_id":"98da074b-f233-48d0-9688-6de0736e3e19-8038699008","study_id":0,"datetime_start":"2024-10-16T12:28:55.835987"}
{"op_code":5,"worker_id":"98da074b-f233-48d0-9688-6de0736e3e19-8038699008","trial_id":64,"param_name":"train_epochs","param_value_internal":14.0,"distribution":"{\"name\": \"IntDistribution\", \"attributes\": {\"log\": false, \"step\": 1, \"low\": 10, \"high\": 30}}"}
{"op_code":5,"worker_id":"98da074b-f233-48d0-9688-6de0736e3e19-8038699008","trial_id":64,"param_name":"hidden_size","param_value_internal":77.0,"distribution":"{\"name\": \"IntDistribution\", \"attributes\": {\"log\": false, \"step\": 1, \"low\": 10, \"high\": 100}}"}
{"op_code":5,"worker_id":"98da074b-f233-48d0-9688-6de0736e3e19-8038699008","trial_id":64,"param_name":"dropout","param_value_internal":0.13379611470288733,"distribution":"{\"name\": \"FloatDistribution\", \"attributes\": {\"step\": null, \"low\": 0.0, \"high\": 0.8, \"log\": false}}"}
{"op_code":6,"worker_id":"460f6ee0-31dd-41d0-a543-bda5258f6ee9-8038699008","trial_id":63,"state":1,"values":[0.02594610175188139],"datetime_complete":"2024-10-16T12:29:08.432967"}
{"op_code":4,"worker_id":"460f6ee0-31dd-41d0-a543-bda5258f6ee9-8038699008","study_id":0,"datetime_start":"2024-10-16T12:29:08.434129"}
{"op_code":5,"worker_id":"460f6ee0-31dd-41d0-a543-bda5258f6ee9-8038699008","trial_id":65,"param_name":"train_epochs","param_value_internal":15.0,"distribution":"{\"name\": \"IntDistribution\", \"attributes\": {\"log\": false, \"step\": 1, \"low\": 10, \"high\": 30}}"}
{"op_code":5,"worker_id":"460f6ee0-31dd-41d0-a543-bda5258f6ee9-8038699008","trial_id":65,"param_name":"hidden_size","param_value_internal":72.0,"distribution":"{\"name\": \"IntDistribution\", \"attributes\": {\"log\": false, \"step\": 1, \"low\": 10, \"high\": 100}}"}
{"op_code":5,"worker_id":"460f6ee0-31dd-41d0-a543-bda5258f6ee9-8038699008","trial_id":65,"param_name":"dropout","param_value_internal":0.11578673394039557,"distribution":"{\"name\": \"FloatDistribution\", \"attributes\": {\"step\": null, \"low\": 0.0, \"high\": 0.8, \"log\": false}}"}
{"op_code":6,"worker_id":"98da074b-f233-48d0-9688-6de0736e3e19-8038699008","trial_id":64,"state":1,"values":[0.03123262347477787],"datetime_complete":"2024-10-16T12:29:37.915203"}
{"op_code":4,"worker_id":"98da074b-f233-48d0-9688-6de0736e3e19-8038699008","study_id":0,"datetime_start":"2024-10-16T12:29:37.916880"}
{"op_code":5,"worker_id":"98da074b-f233-48d0-9688-6de0736e3e19-8038699008","trial_id":66,"param_name":"train_epochs","param_value_internal":24.0,"distribution":"{\"name\": \"IntDistribution\", \"attributes\": {\"log\": false, \"step\": 1, \"low\": 10, \"high\": 30}}"}
{"op_code":5,"worker_id":"98da074b-f233-48d0-9688-6de0736e3e19-8038699008","trial_id":66,"param_name":"hidden_size","param_value_internal":73.0,"distribution":"{\"name\": \"IntDistribution\", \"attributes\": {\"log\": false, \"step\": 1, \"low\": 10, \"high\": 100}}"}
{"op_code":5,"worker_id":"98da074b-f233-48d0-9688-6de0736e3e19-8038699008","trial_id":66,"param_name":"dropout","param_value_internal":0.03420694478159576,"distribution":"{\"name\": \"FloatDistribution\", \"attributes\": {\"step\": null, \"low\": 0.0, \"high\": 0.8, \"log\": false}}"}
{"op_code":6,"worker_id":"460f6ee0-31dd-41d0-a543-bda5258f6ee9-8038699008","trial_id":65,"state":1,"values":[0.010053298220407429],"datetime_complete":"2024-10-16T12:29:53.430189"}
{"op_code":4,"worker_id":"460f6ee0-31dd-41d0-a543-bda5258f6ee9-8038699008","study_id":0,"datetime_start":"2024-10-16T12:29:53.431164"}
{"op_code":5,"worker_id":"460f6ee0-31dd-41d0-a543-bda5258f6ee9-8038699008","trial_id":67,"param_name":"train_epochs","param_value_internal":17.0,"distribution":"{\"name\": \"IntDistribution\", \"attributes\": {\"log\": false, \"step\": 1, \"low\": 10, \"high\": 30}}"}
{"op_code":5,"worker_id":"460f6ee0-31dd-41d0-a543-bda5258f6ee9-8038699008","trial_id":67,"param_name":"hidden_size","param_value_internal":72.0,"distribution":"{\"name\": \"IntDistribution\", \"attributes\": {\"log\": false, \"step\": 1, \"low\": 10, \"high\": 100}}"}
{"op_code":5,"worker_id":"460f6ee0-31dd-41d0-a543-bda5258f6ee9-8038699008","trial_id":67,"param_name":"dropout","param_value_internal":0.032430480312021906,"distribution":"{\"name\": \"FloatDistribution\", \"attributes\": {\"step\": null, \"low\": 0.0, \"high\": 0.8, \"log\": false}}"}
{"op_code":6,"worker_id":"460f6ee0-31dd-41d0-a543-bda5258f6ee9-8038699008","trial_id":67,"state":1,"values":[0.010851423427427434],"datetime_complete":"2024-10-16T12:30:43.771655"}
{"op_code":4,"worker_id":"460f6ee0-31dd-41d0-a543-bda5258f6ee9-8038699008","study_id":0,"datetime_start":"2024-10-16T12:30:43.772831"}
{"op_code":5,"worker_id":"460f6ee0-31dd-41d0-a543-bda5258f6ee9-8038699008","trial_id":68,"param_name":"train_epochs","param_value_internal":16.0,"distribution":"{\"name\": \"IntDistribution\", \"attributes\": {\"log\": false, \"step\": 1, \"low\": 10, \"high\": 30}}"}
{"op_code":5,"worker_id":"460f6ee0-31dd-41d0-a543-bda5258f6ee9-8038699008","trial_id":68,"param_name":"hidden_size","param_value_internal":72.0,"distribution":"{\"name\": \"IntDistribution\", \"attributes\": {\"log\": false, \"step\": 1, \"low\": 10, \"high\": 100}}"}
{"op_code":5,"worker_id":"460f6ee0-31dd-41d0-a543-bda5258f6ee9-8038699008","trial_id":68,"param_name":"dropout","param_value_internal":0.09889402832689223,"distribution":"{\"name\": \"FloatDistribution\", \"attributes\": {\"step\": null, \"low\": 0.0, \"high\": 0.8, \"log\": false}}"}
{"op_code":6,"worker_id":"98da074b-f233-48d0-9688-6de0736e3e19-8038699008","trial_id":66,"state":1,"values":[0.010630787363416463],"datetime_complete":"2024-10-16T12:30:49.441591"}
{"op_code":4,"worker_id":"98da074b-f233-48d0-9688-6de0736e3e19-8038699008","study_id":0,"datetime_start":"2024-10-16T12:30:49.442655"}
{"op_code":5,"worker_id":"98da074b-f233-48d0-9688-6de0736e3e19-8038699008","trial_id":69,"param_name":"train_epochs","param_value_internal":24.0,"distribution":"{\"name\": \"IntDistribution\", \"attributes\": {\"log\": false, \"step\": 1, \"low\": 10, \"high\": 30}}"}
{"op_code":5,"worker_id":"98da074b-f233-48d0-9688-6de0736e3e19-8038699008","trial_id":69,"param_name":"hidden_size","param_value_internal":72.0,"distribution":"{\"name\": \"IntDistribution\", \"attributes\": {\"log\": false, \"step\": 1, \"low\": 10, \"high\": 100}}"}
{"op_code":5,"worker_id":"98da074b-f233-48d0-9688-6de0736e3e19-8038699008","trial_id":69,"param_name":"dropout","param_value_internal":0.10572773387681106,"distribution":"{\"name\": \"FloatDistribution\", \"attributes\": {\"step\": null, \"low\": 0.0, \"high\": 0.8, \"log\": false}}"}
{"op_code":6,"worker_id":"460f6ee0-31dd-41d0-a543-bda5258f6ee9-8038699008","trial_id":68,"state":1,"values":[0.012437338091187038],"datetime_complete":"2024-10-16T12:31:31.581232"}
{"op_code":4,"worker_id":"460f6ee0-31dd-41d0-a543-bda5258f6ee9-8038699008","study_id":0,"datetime_start":"2024-10-16T12:31:31.582407"}
{"op_code":5,"worker_id":"460f6ee0-31dd-41d0-a543-bda5258f6ee9-8038699008","trial_id":70,"param_name":"train_epochs","param_value_internal":24.0,"distribution":"{\"name\": \"IntDistribution\", \"attributes\": {\"log\": false, \"step\": 1, \"low\": 10, \"high\": 30}}"}
{"op_code":5,"worker_id":"460f6ee0-31dd-41d0-a543-bda5258f6ee9-8038699008","trial_id":70,"param_name":"hidden_size","param_value_internal":66.0,"distribution":"{\"name\": \"IntDistribution\", \"attributes\": {\"log\": false, \"step\": 1, \"low\": 10, \"high\": 100}}"}
{"op_code":5,"worker_id":"460f6ee0-31dd-41d0-a543-bda5258f6ee9-8038699008","trial_id":70,"param_name":"dropout","param_value_internal":0.022910144599101234,"distribution":"{\"name\": \"FloatDistribution\", \"attributes\": {\"step\": null, \"low\": 0.0, \"high\": 0.8, \"log\": false}}"}
{"op_code":6,"worker_id":"98da074b-f233-48d0-9688-6de0736e3e19-8038699008","trial_id":69,"state":1,"values":[0.015248329705506],"datetime_complete":"2024-10-16T12:32:01.164844"}
{"op_code":6,"worker_id":"460f6ee0-31dd-41d0-a543-bda5258f6ee9-8038699008","trial_id":70,"state":1,"values":[0.010318702265163356],"datetime_complete":"2024-10-16T12:32:40.570429"}
{"op_code":4,"worker_id":"460f6ee0-31dd-41d0-a543-bda5258f6ee9-8038699008","study_id":0,"datetime_start":"2024-10-16T12:32:40.572063"}
{"op_code":5,"worker_id":"460f6ee0-31dd-41d0-a543-bda5258f6ee9-8038699008","trial_id":71,"param_name":"train_epochs","param_value_internal":23.0,"distribution":"{\"name\": \"IntDistribution\", \"attributes\": {\"log\": false, \"step\": 1, \"low\": 10, \"high\": 30}}"}
{"op_code":5,"worker_id":"460f6ee0-31dd-41d0-a543-bda5258f6ee9-8038699008","trial_id":71,"param_name":"hidden_size","param_value_internal":62.0,"distribution":"{\"name\": \"IntDistribution\", \"attributes\": {\"log\": false, \"step\": 1, \"low\": 10, \"high\": 100}}"}
{"op_code":5,"worker_id":"460f6ee0-31dd-41d0-a543-bda5258f6ee9-8038699008","trial_id":71,"param_name":"dropout","param_value_internal":0.029172892975761387,"distribution":"{\"name\": \"FloatDistribution\", \"attributes\": {\"step\": null, \"low\": 0.0, \"high\": 0.8, \"log\": false}}"}
{"op_code":6,"worker_id":"460f6ee0-31dd-41d0-a543-bda5258f6ee9-8038699008","trial_id":71,"state":1,"values":[0.03959517145555748],"datetime_complete":"2024-10-16T12:33:43.523658"}
{"op_code":4,"worker_id":"460f6ee0-31dd-41d0-a543-bda5258f6ee9-8038699008","study_id":0,"datetime_start":"2024-10-16T12:33:43.524722"}
{"op_code":5,"worker_id":"460f6ee0-31dd-41d0-a543-bda5258f6ee9-8038699008","trial_id":72,"param_name":"train_epochs","param_value_internal":24.0,"distribution":"{\"name\": \"IntDistribution\", \"attributes\": {\"log\": false, \"step\": 1, \"low\": 10, \"high\": 30}}"}
{"op_code":5,"worker_id":"460f6ee0-31dd-41d0-a543-bda5258f6ee9-8038699008","trial_id":72,"param_name":"hidden_size","param_value_internal":66.0,"distribution":"{\"name\": \"IntDistribution\", \"attributes\": {\"log\": false, \"step\": 1, \"low\": 10, \"high\": 100}}"}
{"op_code":5,"worker_id":"460f6ee0-31dd-41d0-a543-bda5258f6ee9-8038699008","trial_id":72,"param_name":"dropout","param_value_internal":0.05393852098570795,"distribution":"{\"name\": \"FloatDistribution\", \"attributes\": {\"step\": null, \"low\": 0.0, \"high\": 0.8, \"log\": false}}"}
{"op_code":6,"worker_id":"460f6ee0-31dd-41d0-a543-bda5258f6ee9-8038699008","trial_id":72,"state":1,"values":[0.0849072923075478],"datetime_complete":"2024-10-16T12:34:49.075210"}
{"op_code":4,"worker_id":"460f6ee0-31dd-41d0-a543-bda5258f6ee9-8038699008","study_id":0,"datetime_start":"2024-10-16T12:34:49.076328"}
{"op_code":5,"worker_id":"460f6ee0-31dd-41d0-a543-bda5258f6ee9-8038699008","trial_id":73,"param_name":"train_epochs","param_value_internal":22.0,"distribution":"{\"name\": \"IntDistribution\", \"attributes\": {\"log\": false, \"step\": 1, \"low\": 10, \"high\": 30}}"}
{"op_code":5,"worker_id":"460f6ee0-31dd-41d0-a543-bda5258f6ee9-8038699008","trial_id":73,"param_name":"hidden_size","param_value_internal":70.0,"distribution":"{\"name\": \"IntDistribution\", \"attributes\": {\"log\": false, \"step\": 1, \"low\": 10, \"high\": 100}}"}
{"op_code":5,"worker_id":"460f6ee0-31dd-41d0-a543-bda5258f6ee9-8038699008","trial_id":73,"param_name":"dropout","param_value_internal":0.667056183636993,"distribution":"{\"name\": \"FloatDistribution\", \"attributes\": {\"step\": null, \"low\": 0.0, \"high\": 0.8, \"log\": false}}"}
{"op_code":6,"worker_id":"460f6ee0-31dd-41d0-a543-bda5258f6ee9-8038699008","trial_id":73,"state":1,"values":[0.02264660480520073],"datetime_complete":"2024-10-16T12:35:50.190036"}
{"op_code":4,"worker_id":"460f6ee0-31dd-41d0-a543-bda5258f6ee9-8038699008","study_id":0,"datetime_start":"2024-10-16T12:35:50.191099"}
{"op_code":5,"worker_id":"460f6ee0-31dd-41d0-a543-bda5258f6ee9-8038699008","trial_id":74,"param_name":"train_epochs","param_value_internal":26.0,"distribution":"{\"name\": \"IntDistribution\", \"attributes\": {\"log\": false, \"step\": 1, \"low\": 10, \"high\": 30}}"}
{"op_code":5,"worker_id":"460f6ee0-31dd-41d0-a543-bda5258f6ee9-8038699008","trial_id":74,"param_name":"hidden_size","param_value_internal":44.0,"distribution":"{\"name\": \"IntDistribution\", \"attributes\": {\"log\": false, \"step\": 1, \"low\": 10, \"high\": 100}}"}
{"op_code":5,"worker_id":"460f6ee0-31dd-41d0-a543-bda5258f6ee9-8038699008","trial_id":74,"param_name":"dropout","param_value_internal":0.02449276217012701,"distribution":"{\"name\": \"FloatDistribution\", \"attributes\": {\"step\": null, \"low\": 0.0, \"high\": 0.8, \"log\": false}}"}
{"op_code":6,"worker_id":"460f6ee0-31dd-41d0-a543-bda5258f6ee9-8038699008","trial_id":74,"state":1,"values":[0.010660557251177587],"datetime_complete":"2024-10-16T12:36:58.428471"}
{"op_code":4,"worker_id":"460f6ee0-31dd-41d0-a543-bda5258f6ee9-8038699008","study_id":0,"datetime_start":"2024-10-16T12:36:58.429633"}
{"op_code":5,"worker_id":"460f6ee0-31dd-41d0-a543-bda5258f6ee9-8038699008","trial_id":75,"param_name":"train_epochs","param_value_internal":27.0,"distribution":"{\"name\": \"IntDistribution\", \"attributes\": {\"log\": false, \"step\": 1, \"low\": 10, \"high\": 30}}"}
{"op_code":5,"worker_id":"460f6ee0-31dd-41d0-a543-bda5258f6ee9-8038699008","trial_id":75,"param_name":"hidden_size","param_value_internal":36.0,"distribution":"{\"name\": \"IntDistribution\", \"attributes\": {\"log\": false, \"step\": 1, \"low\": 10, \"high\": 100}}"}
{"op_code":5,"worker_id":"460f6ee0-31dd-41d0-a543-bda5258f6ee9-8038699008","trial_id":75,"param_name":"dropout","param_value_internal":0.0007650495338058262,"distribution":"{\"name\": \"FloatDistribution\", \"attributes\": {\"step\": null, \"low\": 0.0, \"high\": 0.8, \"log\": false}}"}
{"op_code":6,"worker_id":"460f6ee0-31dd-41d0-a543-bda5258f6ee9-8038699008","trial_id":75,"state":1,"values":[0.0187851719277085],"datetime_complete":"2024-10-16T12:38:09.062418"}
{"op_code":4,"worker_id":"460f6ee0-31dd-41d0-a543-bda5258f6ee9-8038699008","study_id":0,"datetime_start":"2024-10-16T12:38:09.063639"}
{"op_code":5,"worker_id":"460f6ee0-31dd-41d0-a543-bda5258f6ee9-8038699008","trial_id":76,"param_name":"train_epochs","param_value_internal":27.0,"distribution":"{\"name\": \"IntDistribution\", \"attributes\": {\"log\": false, \"step\": 1, \"low\": 10, \"high\": 30}}"}
{"op_code":5,"worker_id":"460f6ee0-31dd-41d0-a543-bda5258f6ee9-8038699008","trial_id":76,"param_name":"hidden_size","param_value_internal":45.0,"distribution":"{\"name\": \"IntDistribution\", \"attributes\": {\"log\": false, \"step\": 1, \"low\": 10, \"high\": 100}}"}
{"op_code":5,"worker_id":"460f6ee0-31dd-41d0-a543-bda5258f6ee9-8038699008","trial_id":76,"param_name":"dropout","param_value_internal":0.07628189428384868,"distribution":"{\"name\": \"FloatDistribution\", \"attributes\": {\"step\": null, \"low\": 0.0, \"high\": 0.8, \"log\": false}}"}
{"op_code":6,"worker_id":"460f6ee0-31dd-41d0-a543-bda5258f6ee9-8038699008","trial_id":76,"state":1,"values":[0.06820663852300847],"datetime_complete":"2024-10-16T12:39:20.238055"}
{"op_code":4,"worker_id":"460f6ee0-31dd-41d0-a543-bda5258f6ee9-8038699008","study_id":0,"datetime_start":"2024-10-16T12:39:20.239212"}
{"op_code":5,"worker_id":"460f6ee0-31dd-41d0-a543-bda5258f6ee9-8038699008","trial_id":77,"param_name":"train_epochs","param_value_internal":25.0,"distribution":"{\"name\": \"IntDistribution\", \"attributes\": {\"log\": false, \"step\": 1, \"low\": 10, \"high\": 30}}"}
{"op_code":5,"worker_id":"460f6ee0-31dd-41d0-a543-bda5258f6ee9-8038699008","trial_id":77,"param_name":"hidden_size","param_value_internal":58.0,"distribution":"{\"name\": \"IntDistribution\", \"attributes\": {\"log\": false, \"step\": 1, \"low\": 10, \"high\": 100}}"}
{"op_code":5,"worker_id":"460f6ee0-31dd-41d0-a543-bda5258f6ee9-8038699008","trial_id":77,"param_name":"dropout","param_value_internal":0.3525443289852762,"distribution":"{\"name\": \"FloatDistribution\", \"attributes\": {\"step\": null, \"low\": 0.0, \"high\": 0.8, \"log\": false}}"}
{"op_code":6,"worker_id":"460f6ee0-31dd-41d0-a543-bda5258f6ee9-8038699008","trial_id":77,"state":1,"values":[0.010641937060633077],"datetime_complete":"2024-10-16T12:40:30.156558"}
{"op_code":4,"worker_id":"460f6ee0-31dd-41d0-a543-bda5258f6ee9-8038699008","study_id":0,"datetime_start":"2024-10-16T12:40:30.158935"}
{"op_code":5,"worker_id":"460f6ee0-31dd-41d0-a543-bda5258f6ee9-8038699008","trial_id":78,"param_name":"train_epochs","param_value_internal":26.0,"distribution":"{\"name\": \"IntDistribution\", \"attributes\": {\"log\": false, \"step\": 1, \"low\": 10, \"high\": 30}}"}
{"op_code":5,"worker_id":"460f6ee0-31dd-41d0-a543-bda5258f6ee9-8038699008","trial_id":78,"param_name":"hidden_size","param_value_internal":55.0,"distribution":"{\"name\": \"IntDistribution\", \"attributes\": {\"log\": false, \"step\": 1, \"low\": 10, \"high\": 100}}"}
{"op_code":5,"worker_id":"460f6ee0-31dd-41d0-a543-bda5258f6ee9-8038699008","trial_id":78,"param_name":"dropout","param_value_internal":0.35208072226368536,"distribution":"{\"name\": \"FloatDistribution\", \"attributes\": {\"step\": null, \"low\": 0.0, \"high\": 0.8, \"log\": false}}"}
{"op_code":6,"worker_id":"460f6ee0-31dd-41d0-a543-bda5258f6ee9-8038699008","trial_id":78,"state":3,"values":null,"datetime_complete":"2024-10-16T12:41:23.840134"}
{"op_code":0,"worker_id":"f5e28ce2-6e3f-482e-b161-06cd2e41d9e4-8071483392","study_name":"LSTM_1","directions":[1]}
{"op_code":4,"worker_id":"f5e28ce2-6e3f-482e-b161-06cd2e41d9e4-8071483392","study_id":0,"datetime_start":"2024-11-03T20:32:11.490800"}
{"op_code":5,"worker_id":"f5e28ce2-6e3f-482e-b161-06cd2e41d9e4-8071483392","trial_id":79,"param_name":"train_epochs","param_value_internal":40.0,"distribution":"{\"name\": \"IntDistribution\", \"attributes\": {\"log\": false, \"step\": 1, \"low\": 10, \"high\": 50}}"}
{"op_code":5,"worker_id":"f5e28ce2-6e3f-482e-b161-06cd2e41d9e4-8071483392","trial_id":79,"param_name":"hidden_size","param_value_internal":40.0,"distribution":"{\"name\": \"IntDistribution\", \"attributes\": {\"log\": false, \"step\": 1, \"low\": 10, \"high\": 100}}"}
{"op_code":5,"worker_id":"f5e28ce2-6e3f-482e-b161-06cd2e41d9e4-8071483392","trial_id":79,"param_name":"dropout","param_value_internal":0.5011118712573639,"distribution":"{\"name\": \"FloatDistribution\", \"attributes\": {\"step\": null, \"low\": 0.0, \"high\": 0.8, \"log\": false}}"}
{"op_code":5,"worker_id":"f5e28ce2-6e3f-482e-b161-06cd2e41d9e4-8071483392","trial_id":79,"param_name":"num_layers","param_value_internal":2.0,"distribution":"{\"name\": \"IntDistribution\", \"attributes\": {\"log\": false, \"step\": 1, \"low\": 1, \"high\": 5}}"}
{"op_code":6,"worker_id":"f5e28ce2-6e3f-482e-b161-06cd2e41d9e4-8071483392","trial_id":79,"state":1,"values":[0.007167439251630144],"datetime_complete":"2024-11-03T20:32:47.959583"}
{"op_code":4,"worker_id":"f5e28ce2-6e3f-482e-b161-06cd2e41d9e4-8071483392","study_id":0,"datetime_start":"2024-11-03T20:32:47.964043"}
{"op_code":5,"worker_id":"f5e28ce2-6e3f-482e-b161-06cd2e41d9e4-8071483392","trial_id":80,"param_name":"train_epochs","param_value_internal":39.0,"distribution":"{\"name\": \"IntDistribution\", \"attributes\": {\"log\": false, \"step\": 1, \"low\": 10, \"high\": 50}}"}
{"op_code":5,"worker_id":"f5e28ce2-6e3f-482e-b161-06cd2e41d9e4-8071483392","trial_id":80,"param_name":"hidden_size","param_value_internal":40.0,"distribution":"{\"name\": \"IntDistribution\", \"attributes\": {\"log\": false, \"step\": 1, \"low\": 10, \"high\": 100}}"}
{"op_code":5,"worker_id":"f5e28ce2-6e3f-482e-b161-06cd2e41d9e4-8071483392","trial_id":80,"param_name":"dropout","param_value_internal":0.49363951970121156,"distribution":"{\"name\": \"FloatDistribution\", \"attributes\": {\"step\": null, \"low\": 0.0, \"high\": 0.8, \"log\": false}}"}
{"op_code":5,"worker_id":"f5e28ce2-6e3f-482e-b161-06cd2e41d9e4-8071483392","trial_id":80,"param_name":"num_layers","param_value_internal":2.0,"distribution":"{\"name\": \"IntDistribution\", \"attributes\": {\"log\": false, \"step\": 1, \"low\": 1, \"high\": 5}}"}
{"op_code":6,"worker_id":"f5e28ce2-6e3f-482e-b161-06cd2e41d9e4-8071483392","trial_id":80,"state":1,"values":[0.027885928552484875],"datetime_complete":"2024-11-03T20:33:23.974310"}
{"op_code":4,"worker_id":"f5e28ce2-6e3f-482e-b161-06cd2e41d9e4-8071483392","study_id":0,"datetime_start":"2024-11-03T20:33:23.975536"}
{"op_code":5,"worker_id":"f5e28ce2-6e3f-482e-b161-06cd2e41d9e4-8071483392","trial_id":81,"param_name":"train_epochs","param_value_internal":33.0,"distribution":"{\"name\": \"IntDistribution\", \"attributes\": {\"log\": false, \"step\": 1, \"low\": 10, \"high\": 50}}"}
{"op_code":5,"worker_id":"f5e28ce2-6e3f-482e-b161-06cd2e41d9e4-8071483392","trial_id":81,"param_name":"hidden_size","param_value_internal":59.0,"distribution":"{\"name\": \"IntDistribution\", \"attributes\": {\"log\": false, \"step\": 1, \"low\": 10, \"high\": 100}}"}
{"op_code":5,"worker_id":"f5e28ce2-6e3f-482e-b161-06cd2e41d9e4-8071483392","trial_id":81,"param_name":"dropout","param_value_internal":0.5797269531993988,"distribution":"{\"name\": \"FloatDistribution\", \"attributes\": {\"step\": null, \"low\": 0.0, \"high\": 0.8, \"log\": false}}"}
{"op_code":5,"worker_id":"f5e28ce2-6e3f-482e-b161-06cd2e41d9e4-8071483392","trial_id":81,"param_name":"num_layers","param_value_internal":3.0,"distribution":"{\"name\": \"IntDistribution\", \"attributes\": {\"log\": false, \"step\": 1, \"low\": 1, \"high\": 5}}"}
{"op_code":6,"worker_id":"f5e28ce2-6e3f-482e-b161-06cd2e41d9e4-8071483392","trial_id":81,"state":1,"values":[0.019694570480196766],"datetime_complete":"2024-11-03T20:33:56.741432"}
{"op_code":4,"worker_id":"f5e28ce2-6e3f-482e-b161-06cd2e41d9e4-8071483392","study_id":0,"datetime_start":"2024-11-03T20:33:56.742842"}
{"op_code":5,"worker_id":"f5e28ce2-6e3f-482e-b161-06cd2e41d9e4-8071483392","trial_id":82,"param_name":"train_epochs","param_value_internal":29.0,"distribution":"{\"name\": \"IntDistribution\", \"attributes\": {\"log\": false, \"step\": 1, \"low\": 10, \"high\": 50}}"}
{"op_code":5,"worker_id":"f5e28ce2-6e3f-482e-b161-06cd2e41d9e4-8071483392","trial_id":82,"param_name":"hidden_size","param_value_internal":30.0,"distribution":"{\"name\": \"IntDistribution\", \"attributes\": {\"log\": false, \"step\": 1, \"low\": 10, \"high\": 100}}"}
{"op_code":5,"worker_id":"f5e28ce2-6e3f-482e-b161-06cd2e41d9e4-8071483392","trial_id":82,"param_name":"dropout","param_value_internal":0.3450481195599057,"distribution":"{\"name\": \"FloatDistribution\", \"attributes\": {\"step\": null, \"low\": 0.0, \"high\": 0.8, \"log\": false}}"}
{"op_code":5,"worker_id":"f5e28ce2-6e3f-482e-b161-06cd2e41d9e4-8071483392","trial_id":82,"param_name":"num_layers","param_value_internal":5.0,"distribution":"{\"name\": \"IntDistribution\", \"attributes\": {\"log\": false, \"step\": 1, \"low\": 1, \"high\": 5}}"}
{"op_code":6,"worker_id":"f5e28ce2-6e3f-482e-b161-06cd2e41d9e4-8071483392","trial_id":82,"state":1,"values":[0.00758067434865304],"datetime_complete":"2024-11-03T20:34:23.089510"}
{"op_code":4,"worker_id":"f5e28ce2-6e3f-482e-b161-06cd2e41d9e4-8071483392","study_id":0,"datetime_start":"2024-11-03T20:34:23.090837"}
{"op_code":5,"worker_id":"f5e28ce2-6e3f-482e-b161-06cd2e41d9e4-8071483392","trial_id":83,"param_name":"train_epochs","param_value_internal":32.0,"distribution":"{\"name\": \"IntDistribution\", \"attributes\": {\"log\": false, \"step\": 1, \"low\": 10, \"high\": 50}}"}
{"op_code":5,"worker_id":"f5e28ce2-6e3f-482e-b161-06cd2e41d9e4-8071483392","trial_id":83,"param_name":"hidden_size","param_value_internal":30.0,"distribution":"{\"name\": \"IntDistribution\", \"attributes\": {\"log\": false, \"step\": 1, \"low\": 10, \"high\": 100}}"}
{"op_code":5,"worker_id":"f5e28ce2-6e3f-482e-b161-06cd2e41d9e4-8071483392","trial_id":83,"param_name":"dropout","param_value_internal":0.3871706679456199,"distribution":"{\"name\": \"FloatDistribution\", \"attributes\": {\"step\": null, \"low\": 0.0, \"high\": 0.8, \"log\": false}}"}
{"op_code":5,"worker_id":"f5e28ce2-6e3f-482e-b161-06cd2e41d9e4-8071483392","trial_id":83,"param_name":"num_layers","param_value_internal":5.0,"distribution":"{\"name\": \"IntDistribution\", \"attributes\": {\"log\": false, \"step\": 1, \"low\": 1, \"high\": 5}}"}
{"op_code":6,"worker_id":"f5e28ce2-6e3f-482e-b161-06cd2e41d9e4-8071483392","trial_id":83,"state":1,"values":[0.012545056556436148],"datetime_complete":"2024-11-03T20:34:52.823098"}
{"op_code":4,"worker_id":"f5e28ce2-6e3f-482e-b161-06cd2e41d9e4-8071483392","study_id":0,"datetime_start":"2024-11-03T20:34:52.824551"}
{"op_code":5,"worker_id":"f5e28ce2-6e3f-482e-b161-06cd2e41d9e4-8071483392","trial_id":84,"param_name":"train_epochs","param_value_internal":45.0,"distribution":"{\"name\": \"IntDistribution\", \"attributes\": {\"log\": false, \"step\": 1, \"low\": 10, \"high\": 50}}"}
{"op_code":5,"worker_id":"f5e28ce2-6e3f-482e-b161-06cd2e41d9e4-8071483392","trial_id":84,"param_name":"hidden_size","param_value_internal":34.0,"distribution":"{\"name\": \"IntDistribution\", \"attributes\": {\"log\": false, \"step\": 1, \"low\": 10, \"high\": 100}}"}
{"op_code":5,"worker_id":"f5e28ce2-6e3f-482e-b161-06cd2e41d9e4-8071483392","trial_id":84,"param_name":"dropout","param_value_internal":0.349939215774575,"distribution":"{\"name\": \"FloatDistribution\", \"attributes\": {\"step\": null, \"low\": 0.0, \"high\": 0.8, \"log\": false}}"}
{"op_code":5,"worker_id":"f5e28ce2-6e3f-482e-b161-06cd2e41d9e4-8071483392","trial_id":84,"param_name":"num_layers","param_value_internal":5.0,"distribution":"{\"name\": \"IntDistribution\", \"attributes\": {\"log\": false, \"step\": 1, \"low\": 1, \"high\": 5}}"}
{"op_code":6,"worker_id":"f5e28ce2-6e3f-482e-b161-06cd2e41d9e4-8071483392","trial_id":84,"state":3,"values":null,"datetime_complete":"2024-11-03T20:35:32.268317"}
